Component: ARM Compiler 5.06 update 7 (build 960) Tool: armlink [4d3601]

==============================================================================

Section Cross References

    main.o(.text) refers to delay.o(.text) for delay_init
    main.o(.text) refers to misc.o(.text) for NVIC_PriorityGroupConfig
    main.o(.text) refers to usart.o(.text) for uart_init
    main.o(.text) refers to led.o(.text) for LED_Init
    main.o(.text) refers to myiic.o(.text) for IIC_Init
    main.o(.text) refers to adc.o(.text) for Adc_Init
    main.o(.text) refers to ads1271.o(.text) for ADS1271_Init
    main.o(.text) refers to dac.o(.text) for Dac1_Init
    main.o(.text) refers to spi.o(.text) for SPI2_Init
    main.o(.text) refers to timer.o(.text) for TIM3_Int_Init
    main.o(.text) refers to stm32f10x_tim.o(.text) for TIM_Cmd
    main.o(.text) refers to stm32f10x_gpio.o(.text) for GPIO_ResetBits
    main.o(.text) refers to stm32f10x_usart.o(.text) for USART_GetFlagStatus
    main.o(.text) refers to stm32f10x_dac.o(.text) for DAC_SetChannel1Data
    main.o(.text) refers to usart.o(.data) for ReceiveCount
    main.o(.text) refers to timer.o(.data) for sysTick
    main.o(.text) refers to main.o(.data) for i
    main.o(.text) refers to fflt_clz.o(x$fpl$ffltu) for __aeabi_ui2f
    main.o(.text) refers to f2d.o(x$fpl$f2d) for __aeabi_f2d
    main.o(.text) refers to dmul.o(x$fpl$dmul) for __aeabi_dmul
    main.o(.text) refers to d2f.o(x$fpl$d2f) for __aeabi_d2f
    main.o(.text) refers to fmul.o(x$fpl$fmul) for __aeabi_fmul
    main.o(.text) refers to ffixu.o(x$fpl$ffixu) for __aeabi_f2uiz
    main.o(.text) refers to bh1750.o(.text) for Single_Write_BH1750
    main.o(.text) refers to bh1750.o(.data) for BUF
    system_stm32f10x.o(.text) refers to system_stm32f10x.o(.data) for SystemCoreClock
    led.o(.text) refers to stm32f10x_rcc.o(.text) for RCC_APB2PeriphClockCmd
    led.o(.text) refers to stm32f10x_gpio.o(.text) for GPIO_Init
    myiic.o(.text) refers to stm32f10x_rcc.o(.text) for RCC_APB2PeriphClockCmd
    myiic.o(.text) refers to stm32f10x_gpio.o(.text) for GPIO_Init
    myiic.o(.text) refers to delay.o(.text) for delay_us
    bh1750.o(.text) refers to myiic.o(.text) for IIC_Start
    bh1750.o(.text) refers to delay.o(.text) for delay_us
    bh1750.o(.text) refers to fflt_clz.o(x$fpl$fflt) for __aeabi_i2f
    bh1750.o(.text) refers to f2d.o(x$fpl$f2d) for __aeabi_f2d
    bh1750.o(.text) refers to ddiv.o(x$fpl$ddiv) for __aeabi_ddiv
    bh1750.o(.text) refers to d2f.o(x$fpl$d2f) for __aeabi_d2f
    bh1750.o(.text) refers to bh1750.o(.data) for BUF
    rs485.o(.text) refers to stm32f10x_usart.o(.text) for USART_GetITStatus
    rs485.o(.text) refers to stm32f10x_rcc.o(.text) for RCC_APB2PeriphClockCmd
    rs485.o(.text) refers to stm32f10x_gpio.o(.text) for GPIO_Init
    rs485.o(.text) refers to misc.o(.text) for NVIC_Init
    rs485.o(.text) refers to delay.o(.text) for delay_ms
    rs485.o(.text) refers to rs485.o(.data) for RS485_RX_CNT
    rs485.o(.text) refers to rs485.o(.bss) for RS485_RX_BUF
    adc.o(.text) refers to stm32f10x_rcc.o(.text) for RCC_APB2PeriphClockCmd
    adc.o(.text) refers to stm32f10x_gpio.o(.text) for GPIO_Init
    adc.o(.text) refers to stm32f10x_adc.o(.text) for ADC_DeInit
    adc.o(.text) refers to delay.o(.text) for delay_ms
    ads1271.o(.text) refers to stm32f10x_rcc.o(.text) for RCC_APB2PeriphClockCmd
    ads1271.o(.text) refers to stm32f10x_gpio.o(.text) for GPIO_Init
    dac.o(.text) refers to stm32f10x_rcc.o(.text) for RCC_APB2PeriphClockCmd
    dac.o(.text) refers to stm32f10x_gpio.o(.text) for GPIO_Init
    dac.o(.text) refers to stm32f10x_dac.o(.text) for DAC_Init
    dac.o(.text) refers to fflt_clz.o(x$fpl$ffltu) for __aeabi_ui2f
    dac.o(.text) refers to fdiv.o(x$fpl$fdiv) for __aeabi_fdiv
    dac.o(.text) refers to fmul.o(x$fpl$fmul) for __aeabi_fmul
    dac.o(.text) refers to f2d.o(x$fpl$f2d) for __aeabi_f2d
    dac.o(.text) refers to ddiv.o(x$fpl$ddiv) for __aeabi_ddiv
    dac.o(.text) refers to d2f.o(x$fpl$d2f) for __aeabi_d2f
    dac.o(.text) refers to ffixu.o(x$fpl$ffixu) for __aeabi_f2uiz
    spi.o(.text) refers to stm32f10x_spi.o(.text) for SPI_I2S_GetFlagStatus
    spi.o(.text) refers to stm32f10x_rcc.o(.text) for RCC_APB2PeriphClockCmd
    spi.o(.text) refers to stm32f10x_gpio.o(.text) for GPIO_Init
    timer.o(.text) refers to stm32f10x_rcc.o(.text) for RCC_APB1PeriphClockCmd
    timer.o(.text) refers to stm32f10x_tim.o(.text) for TIM_TimeBaseInit
    timer.o(.text) refers to misc.o(.text) for NVIC_Init
    timer.o(.text) refers to stm32f10x_adc.o(.text) for ADC_RegularChannelConfig
    timer.o(.text) refers to fflt_clz.o(x$fpl$ffltu) for __aeabi_ui2f
    timer.o(.text) refers to f2d.o(x$fpl$f2d) for __aeabi_f2d
    timer.o(.text) refers to dmul.o(x$fpl$dmul) for __aeabi_dmul
    timer.o(.text) refers to dfixu.o(x$fpl$dfixu) for __aeabi_d2uiz
    timer.o(.text) refers to stm32f10x_usart.o(.text) for USART_GetFlagStatus
[...]
    .ARM.Collect$$_printf_percent$$0000000C  0x080001f0   Section        6  _printf_x.o(.ARM.Collect$$_printf_percent$$0000000C)
    .ARM.Collect$$_printf_percent$$00000013  0x080001f6   Section        6  _printf_c.o(.ARM.Collect$$_printf_percent$$00000013)
    .ARM.Collect$$_printf_percent$$00000014  0x080001fc   Section        6  _printf_s.o(.ARM.Collect$$_printf_percent$$00000014)
    .ARM.Collect$$_printf_percent$$00000017  0x08000202   Section        4  _printf_percent_end.o(.ARM.Collect$$_printf_percent$$00000017)
    .ARM.Collect$$libinit$$00000000          0x08000206   Section        2  libinit.o(.ARM.Collect$$libinit$$00000000)
    .ARM.Collect$$libinit$$00000002          0x08000208   Section        0  libinit2.o(.ARM.Collect$$libinit$$00000002)
    .ARM.Collect$$libinit$$00000004          0x08000208   Section        0  libinit2.o(.ARM.Collect$$libinit$$00000004)
    .ARM.Collect$$libinit$$0000000A          0x08000208   Section        0  libinit2.o(.ARM.Collect$$libinit$$0000000A)
    .ARM.Collect$$libinit$$0000000C          0x08000208   Section        0  libinit2.o(.ARM.Collect$$libinit$$0000000C)
    .ARM.Collect$$libinit$$0000000E          0x08000208   Section        0  libinit2.o(.ARM.Collect$$libinit$$0000000E)
    .ARM.Collect$$libinit$$00000011          0x08000208   Section        0  libinit2.o(.ARM.Collect$$libinit$$00000011)
    .ARM.Collect$$libinit$$00000013          0x08000208   Section        0  libinit2.o(.ARM.Collect$$libinit$$00000013)
    .ARM.Collect$$libinit$$00000015          0x08000208   Section        0  libinit2.o(.ARM.Collect$$libinit$$00000015)
    .ARM.Collect$$libinit$$00000017          0x08000208   Section        0  libinit2.o(.ARM.Collect$$libinit$$00000017)
    .ARM.Collect$$libinit$$00000019          0x08000208   Section        0  libinit2.o(.ARM.Collect$$libinit$$00000019)
    .ARM.Collect$$libinit$$0000001B          0x08000208   Section        0  libinit2.o(.ARM.Collect$$libinit$$0000001B)
    .ARM.Collect$$libinit$$0000001D          0x08000208   Section        0  libinit2.o(.ARM.Collect$$libinit$$0000001D)
    .ARM.Collect$$libinit$$0000001F          0x08000208   Section        0  libinit2.o(.ARM.Collect$$libinit$$0000001F)
    .ARM.Collect$$libinit$$00000021          0x08000208   Section        0  libinit2.o(.ARM.Collect$$libinit$$00000021)
    .ARM.Collect$$libinit$$00000023          0x08000208   Section        0  libinit2.o(.ARM.Collect$$libinit$$00000023)
    .ARM.Collect$$libinit$$00000025          0x08000208   Section        0  libinit2.o(.ARM.Collect$$libinit$$00000025)
    .ARM.Collect$$libinit$$0000002C          0x08000208   Section        0  libinit2.o(.ARM.Collect$$libinit$$0000002C)
    .ARM.Collect$$libinit$$0000002E          0x08000208   Section        0  libinit2.o(.ARM.Collect$$libinit$$0000002E)
    .ARM.Collect$$libinit$$00000030          0x08000208   Section        0  libinit2.o(.ARM.Collect$$libinit$$00000030)
    .ARM.Collect$$libinit$$00000032          0x08000208   Section        0  libinit2.o(.ARM.Collect$$libinit$$00000032)
    .ARM.Collect$$libinit$$00000033          0x08000208   Section        2  libinit2.o(.ARM.Collect$$libinit$$00000033)
    .ARM.Collect$$libshutdown$$00000000      0x0800020a   Section        2  libshutdown.o(.ARM.Collect$$libshutdown$$00000000)
    .ARM.Collect$$libshutdown$$00000002      0x0800020c   Section        0  libshutdown2.o(.ARM.Collect$$libshutdown$$00000002)
    .ARM.Collect$$libshutdown$$00000004      0x0800020c   Section        0  libshutdown2.o(.ARM.Collect$$libshutdown$$00000004)
    .ARM.Collect$$libshutdown$$00000006      0x0800020c   Section        0  libshutdown2.o(.ARM.Collect$$libshutdown$$00000006)
    .ARM.Collect$$libshutdown$$00000009      0x0800020c   Section        0  libshutdown2.o(.ARM.Collect$$libshutdown$$00000009)
    .ARM.Collect$$libshutdown$$0000000C      0x0800020c   Section        0  libshutdown2.o(.ARM.Collect$$libshutdown$$0000000C)
    .ARM.Collect$$libshutdown$$0000000E      0x0800020c   Section        0  libshutdown2.o(.ARM.Collect$$libshutdown$$0000000E)
    .ARM.Collect$$libshutdown$$00000011      0x0800020c   Section        0  libshutdown2.o(.ARM.Collect$$libshutdown$$00000011)
    .ARM.Collect$$libshutdown$$00000012      0x0800020c   Section        2  libshutdown2.o(.ARM.Collect$$libshutdown$$00000012)
    .ARM.Collect$$rtentry$$00000000          0x0800020e   Section        0  __rtentry.o(.ARM.Collect$$rtentry$$00000000)
    .ARM.Collect$$rtentry$$00000002          0x0800020e   Section        0  __rtentry2.o(.ARM.Collect$$rtentry$$00000002)
    .ARM.Collect$$rtentry$$00000004          0x0800020e   Section        6  __rtentry4.o(.ARM.Collect$$rtentry$$00000004)
    .ARM.Collect$$rtentry$$00000009          0x08000214   Section        0  __rtentry2.o(.ARM.Collect$$rtentry$$00000009)
    .ARM.Collect$$rtentry$$0000000A          0x08000214   Section        4  __rtentry2.o(.ARM.Collect$$rtentry$$0000000A)
    .ARM.Collect$$rtentry$$0000000C          0x08000218   Section        0  __rtentry2.o(.ARM.Collect$$rtentry$$0000000C)
    .ARM.Collect$$rtentry$$0000000D          0x08000218   Section        8  __rtentry2.o(.ARM.Collect$$rtentry$$0000000D)
    .ARM.Collect$$rtexit$$00000000           0x08000220   Section        2  rtexit.o(.ARM.Collect$$rtexit$$00000000)
    .ARM.Collect$$rtexit$$00000002           0x08000222   Section        0  rtexit2.o(.ARM.Collect$$rtexit$$00000002)
    .ARM.Collect$$rtexit$$00000003           0x08000222   Section        4  rtexit2.o(.ARM.Collect$$rtexit$$00000003)
    .ARM.Collect$$rtexit$$00000004           0x08000226   Section        6  rtexit2.o(.ARM.Collect$$rtexit$$00000004)
    .text                                    0x0800022c   Section        0  main.o(.text)
    .text                                    0x08000d40   Section        0  stm32f10x_it.o(.text)
    .text                                    0x08000d5c   Section        0  system_stm32f10x.o(.text)
    SetSysClockTo72                          0x08000d5d   Thumb Code   214  system_stm32f10x.o(.text)
    SetSysClock                              0x08000e33   Thumb Code     8  system_stm32f10x.o(.text)
    .text                                    0x08000f3c   Section        0  led.o(.text)
    .text                                    0x08001010   Section        0  myiic.o(.text)
    .text                                    0x0800129c   Section        0  bh1750.o(.text)
    .text                                    0x0800138c   Section        0  rs485.o(.text)
    .text                                    0x08001528   Section        0  adc.o(.text)
    .text                                    0x08001614   Section        0  ads1271.o(.text)
    .text                                    0x08001674   Section        0  dac.o(.text)
    .text                                    0x08001730   Section        0  spi.o(.text)
    .text                                    0x08001850   Section        0  timer.o(.text)
    .text                                    0x08001a68   Section        0  delay.o(.text)
    .text                                    0x08001b3c   Section        0  usart.o(.text)
    .text                                    0x08001cec   Section       64  startup_stm32f10x_hd.o(.text)
    .text                                    0x08001d2c   Section        0  misc.o(.text)
    .text                                    0x08001e08   Section        0  stm32f10x_gpio.o(.text)
    .text                                    0x08002164   Section        0  stm32f10x_rcc.o(.text)
    .text                                    0x08002508   Section        0  stm32f10x_usart.o(.text)
    .text                                    0x08002910   Section        0  stm32f10x_tim.o(.text)
    TI4_Config                               0x08002db7   Thumb Code   130  stm32f10x_tim.o(.text)
    TI3_Config                               0x08002e4b   Thumb Code   122  stm32f10x_tim.o(.text)
    TI2_Config                               0x08002edf   Thumb Code   130  stm32f10x_tim.o(.text)
    TI1_Config                               0x08002f73   Thumb Code   108  stm32f10x_tim.o(.text)
    .text                                    0x0800372c   Section        0  stm32f10x_adc.o(.text)
    .text                                    0x08003b7c   Section        0  stm32f10x_spi.o(.text)
    .text                                    0x08003e88   Section        0  stm32f10x_dac.o(.text)
    .text                                    0x08004014   Section        0  usmart.o(.text)
    .text                                    0x08004c4c   Section        0  usmart_str.o(.text)
    .text                                    0x08005174   Section        2  use_no_semi_2.o(.text)
    .text                                    0x08005178   Section        0  noretval__2printf.o(.text)
    .text                                    0x08005190   Section        0  _printf_pad.o(.text)
    .text                                    0x080051de   Section        0  _printf_str.o(.text)
    .text                                    0x08005230   Section        0  _printf_dec.o(.text)
    .text                                    0x080052a8   Section        0  _printf_hex_int.o(.text)
    .text                                    0x08005300   Section        0  __printf_flags_ss_wp.o(.text)
    .text                                    0x08005488   Section        0  heapauxi.o(.text)
    .text                                    0x0800548e   Section        2  use_no_semi.o(.text)
    .text                                    0x08005490   Section        0  _printf_intcommon.o(.text)
    .text                                    0x08005542   Section        0  _printf_char.o(.text)
    .text                                    0x08005570   Section        0  _printf_char_file.o(.text)
    .text                                    0x08005594   Section        0  _printf_char_common.o(.text)
    _printf_input_char                       0x08005595   Thumb Code    10  _printf_char_common.o(.text)
    .text                                    0x080055c4   Section        0  ferror.o(.text)
    .text                                    0x080055cc   Section       74  sys_stackheap_outer.o(.text)
    .text                                    0x08005616   Section        0  exit.o(.text)
    .text                                    0x08005628   Section        8  libspace.o(.text)
    i._is_digit                              0x08005630   Section        0  __printf_wp.o(i._is_digit)
    x$fpl$d2f                                0x08005640   Section       98  d2f.o(x$fpl$d2f)
    x$fpl$ddiv                               0x080056a4   Section      688  ddiv.o(x$fpl$ddiv)
    ddiv_entry                               0x080056ab   Thumb Code     0  ddiv.o(x$fpl$ddiv)
    x$fpl$dfixu                              0x08005954   Section       90  dfixu.o(x$fpl$dfixu)
    x$fpl$dmul                               0x080059b0   Section      340  dmul.o(x$fpl$dmul)
    x$fpl$dnaninf                            0x08005b04   Section      156  dnaninf.o(x$fpl$dnaninf)
    x$fpl$dretinf                            0x08005ba0   Section       12  dretinf.o(x$fpl$dretinf)
    x$fpl$f2d                                0x08005bac   Section       86  f2d.o(x$fpl$f2d)
    x$fpl$fdiv                               0x08005c04   Section      388  fdiv.o(x$fpl$fdiv)
    _fdiv1                                   0x08005c05   Thumb Code     0  fdiv.o(x$fpl$fdiv)
    x$fpl$ffixu                              0x08005d88   Section       62  ffixu.o(x$fpl$ffixu)
    x$fpl$fflt                               0x08005dc8   Section       48  fflt_clz.o(x$fpl$fflt)
    x$fpl$ffltu                              0x08005df8   Section       38  fflt_clz.o(x$fpl$ffltu)
    x$fpl$fmul                               0x08005e20   Section      258  fmul.o(x$fpl$fmul)
    x$fpl$fnaninf                            0x08005f22   Section      140  fnaninf.o(x$fpl$fnaninf)
    x$fpl$fretinf                            0x08005fae   Section       10  fretinf.o(x$fpl$fretinf)
    .constdata                               0x08005fb8   Section       40  _printf_hex_int.o(.constdata)
    x$fpl$usenofp                            0x08005fb8   Section        0  usenofp.o(x$fpl$usenofp)
    uc_hextab                                0x08005fb8   Data          20  _printf_hex_int.o(.constdata)
    lc_hextab                                0x08005fcc   Data          20  _printf_hex_int.o(.constdata)
    .constdata                               0x08005fe0   Section       17  __printf_flags_ss_wp.o(.constdata)
    maptable                                 0x08005fe0   Data          17  __printf_flags_ss_wp.o(.constdata)
    .conststring                             0x08005ff4   Section       40  usmart.o(.conststring)
    .conststring                             0x0800601c   Section      107  usmart_config.o(.conststring)
    .data                                    0x20000000   Section       26  main.o(.data)
    .data                                    0x2000001c   Section       20  system_stm32f10x.o(.data)
    .data                                    0x20000030   Section        2  bh1750.o(.data)
    .data                                    0x20000032   Section        1  rs485.o(.data)
    .data                                    0x20000034   Section        5  timer.o(.data)
    .data                                    0x2000003a   Section        4  delay.o(.data)
    fac_us                                   0x2000003a   Data           1  delay.o(.data)
    fac_ms                                   0x2000003c   Data           2  delay.o(.data)
    .data                                    0x20000040   Section       22  usart.o(.data)
    .data                                    0x20000056   Section       20  stm32f10x_rcc.o(.data)
    APBAHBPrescTable                         0x20000056   Data          16  stm32f10x_rcc.o(.data)
    ADCPrescTable                            0x20000066   Data           4  stm32f10x_rcc.o(.data)
    .data                                    0x2000006c   Section       28  usmart.o(.data)
    .data                                    0x20000088   Section      276  usmart_config.o(.data)
    .bss                                     0x2000019c   Section       64  rs485.o(.bss)
    .bss                                     0x200001dc   Section       96  libspace.o(.bss)
    HEAP                                     0x20000240   Section      512  startup_stm32f10x_hd.o(HEAP)
    Heap_Mem                                 0x20000240   Data         512  startup_stm32f10x_hd.o(HEAP)
    STACK                                    0x20000440   Section     1024  startup_stm32f10x_hd.o(STACK)
    Stack_Mem                                0x20000440   Data        1024  startup_stm32f10x_hd.o(STACK)
    __initial_sp                             0x20000840   Data           0  startup_stm32f10x_hd.o(STACK)

    Global Symbols

    Symbol Name                              Value     Ov Type        Size  Object(Section)

    BuildAttributes$$THM_ISAv4$P$D$K$B$S$PE$A:L22UL41UL21$X:L11$S22US41US21$IEEE1$IW$USESV6$~STKCKD$USESV7$~SHL$OSPACE$ROPI$EBA8$UX$STANDARDLIB$REQ8$PRES8$EABIv2 0x00000000   Number         0  anon$$obj.o ABSOLUTE
    __ARM_use_no_argv                        0x00000000   Number         0  main.o ABSOLUTE
    _printf_flags                            0x00000000   Number         0  printf_stubs.o ABSOLUTE
    _printf_return_value                     0x00000000   Number         0  printf_stubs.o ABSOLUTE
    _printf_sizespec                         0x00000000   Number         0  printf_stubs.o ABSOLUTE
    _printf_widthprec                        0x00000000   Number         0  printf_stubs.o ABSOLUTE
    __ARM_exceptions_init                     - Undefined Weak Reference
    __alloca_initialize                       - Undefined Weak Reference
    __arm_fini_                               - Undefined Weak Reference
    __arm_preinit_                            - Undefined Weak Reference
    __cpp_initialize__aeabi_                  - Undefined Weak Reference
    __cxa_finalize                            - Undefined Weak Reference
    __rt_locale                               - Undefined Weak Reference
    __sigvec_lookup                           - Undefined Weak Reference
    _atexit_init                              - Undefined Weak Reference
    _call_atexit_fns                          - Undefined Weak Reference
    _clock_init                               - Undefined Weak Reference
    _fp_trap_init                             - Undefined Weak Reference
    _fp_trap_shutdown                         - Undefined Weak Reference
    _get_lc_collate                           - Undefined Weak Reference
    _get_lc_ctype                             - Undefined Weak Reference
    _get_lc_monetary                          - Undefined Weak Reference
    _get_lc_numeric                           - Undefined Weak Reference
    _get_lc_time                              - Undefined Weak Reference
    _getenv_init                              - Undefined Weak Reference
    _handle_redirection                       - Undefined Weak Reference
    _init_alloc                               - Undefined Weak Reference
    _init_user_alloc                          - Undefined Weak Reference
    _initio                                   - Undefined Weak Reference
    _mutex_acquire                            - Undefined Weak Reference
    _mutex_release                            - Undefined Weak Reference
    _printf_mbtowc                            - Undefined Weak Reference
    _printf_truncate_signed                   - Undefined Weak Reference
    _printf_truncate_unsigned                 - Undefined Weak Reference
    _rand_init                                - Undefined Weak Reference
    _signal_finish                            - Undefined Weak Reference
    _signal_init                              - Undefined Weak Reference
    _terminate_alloc                          - Undefined Weak Reference
    _terminate_user_alloc                     - Undefined Weak Reference
    _terminateio                              - Undefined Weak Reference
    __Vectors_Size                           0x00000130   Number         0  startup_stm32f10x_hd.o ABSOLUTE
    __Vectors                                0x08000000   Data           4  startup_stm32f10x_hd.o(RESET)
    __Vectors_End                            0x08000130   Data           0  startup_stm32f10x_hd.o(RESET)
    __main                                   0x08000131   Thumb Code     8  __main.o(!!!main)
    __scatterload                            0x08000139   Thumb Code     0  __scatter.o(!!!scatter)
    __scatterload_rt2                        0x08000139   Thumb Code    44  __scatter.o(!!!scatter)
    __scatterload_rt2_thumb_only             0x08000139   Thumb Code     0  __scatter.o(!!!scatter)
    __scatterload_null                       0x08000147   Thumb Code     0  __scatter.o(!!!scatter)
    __decompress                             0x0800016d   Thumb Code    90  __dczerorl2.o(!!dczerorl2)
    __decompress1                            0x0800016d   Thumb Code     0  __dczerorl2.o(!!dczerorl2)
    __scatterload_zeroinit                   0x080001c9   Thumb Code    28  __scatter_zi.o(!!handler_zi)
    _printf_d                                0x080001e5   Thumb Code     0  _printf_d.o(.ARM.Collect$$_printf_percent$$00000009)
    _printf_percent                          0x080001e5   Thumb Code     0  _printf_percent.o(.ARM.Collect$$_printf_percent$$00000000)
    _printf_u                                0x080001eb   Thumb Code     0  _printf_u.o(.ARM.Collect$$_printf_percent$$0000000A)
    _printf_x                                0x080001f1   Thumb Code     0  _printf_x.o(.ARM.Collect$$_printf_percent$$0000000C)
    _printf_c                                0x080001f7   Thumb Code     0  _printf_c.o(.ARM.Collect$$_printf_percent$$00000013)
    _printf_s                                0x080001fd   Thumb Code     0  _printf_s.o(.ARM.Collect$$_printf_percent$$00000014)
    _printf_percent_end                      0x08000203   Thumb Code     0  _printf_percent_end.o(.ARM.Collect$$_printf_percent$$00000017)
    __rt_lib_init                            0x08000207   Thumb Code     0  libinit.o(.ARM.Collect$$libinit$$00000000)
    __rt_lib_init_alloca_1                   0x08000209   Thumb Code     0  libinit2.o(.ARM.Collect$$libinit$$0000002E)
    __rt_lib_init_argv_1                     0x08000209   Thumb Code     0  libinit2.o(.ARM.Collect$$libinit$$0000002C)
    __rt_lib_init_atexit_1                   0x08000209   Thumb Code     0  libinit2.o(.ARM.Collect$$libinit$$0000001B)
    __rt_lib_init_clock_1                    0x08000209   Thumb Code     0  libinit2.o(.ARM.Collect$$libinit$$00000021)
    __rt_lib_init_cpp_1                      0x08000209   Thumb Code     0  libinit2.o(.ARM.Collect$$libinit$$00000032)
    __rt_lib_init_exceptions_1               0x08000209   Thumb Code     0  libinit2.o(.ARM.Collect$$libinit$$00000030)
    __rt_lib_init_fp_1                       0x08000209   Thumb Code     0  libinit2.o(.ARM.Collect$$libinit$$00000002)
    __rt_lib_init_fp_trap_1                  0x08000209   Thumb Code     0  libinit2.o(.ARM.Collect$$libinit$$0000001F)
    __rt_lib_init_getenv_1                   0x08000209   Thumb Code     0  libinit2.o(.ARM.Collect$$libinit$$00000023)
    __rt_lib_init_heap_1                     0x08000209   Thumb Code     0  libinit2.o(.ARM.Collect$$libinit$$0000000A)
    __rt_lib_init_lc_collate_1               0x08000209   Thumb Code     0  libinit2.o(.ARM.Collect$$libinit$$00000011)
    __rt_lib_init_lc_ctype_1                 0x08000209   Thumb Code     0  libinit2.o(.ARM.Collect$$libinit$$00000013)
    __rt_lib_init_lc_monetary_1              0x08000209   Thumb Code     0  libinit2.o(.ARM.Collect$$libinit$$00000015)
    __rt_lib_init_lc_numeric_1               0x08000209   Thumb Code     0  libinit2.o(.ARM.Collect$$libinit$$00000017)
    __rt_lib_init_lc_time_1                  0x08000209   Thumb Code     0  libinit2.o(.ARM.Collect$$libinit$$00000019)
    __rt_lib_init_preinit_1                  0x08000209   Thumb Code     0  libinit2.o(.ARM.Collect$$libinit$$00000004)
    __rt_lib_init_rand_1                     0x08000209   Thumb Code     0  libinit2.o(.ARM.Collect$$libinit$$0000000E)
    __rt_lib_init_return                     0x08000209   Thumb Code     0  libinit2.o(.ARM.Collect$$libinit$$00000033)
    __rt_lib_init_signal_1                   0x08000209   Thumb Code     0  libinit2.o(.ARM.Collect$$libinit$$0000001D)
    __rt_lib_init_stdio_1                    0x08000209   Thumb Code     0  libinit2.o(.ARM.Collect$$libinit$$00000025)
    __rt_lib_init_user_alloc_1               0x08000209   Thumb Code     0  libinit2.o(.ARM.Collect$$libinit$$0000000C)
    __rt_lib_shutdown                        0x0800020b   Thumb Code     0  libshutdown.o(.ARM.Collect$$libshutdown$$00000000)
    __rt_lib_shutdown_cpp_1                  0x0800020d   Thumb Code     0  libshutdown2.o(.ARM.Collect$$libshutdown$$00000004)
    __rt_lib_shutdown_fini_1                 0x0800020d   Thumb Code     0  libshutdown2.o(.ARM.Collect$$libshutdown$$00000002)
    __rt_lib_shutdown_fp_trap_1              0x0800020d   Thumb Code     0  libshutdown2.o(.ARM.Collect$$libshutdown$$00000009)
    __rt_lib_shutdown_heap_1                 0x0800020d   Thumb Code     0  libshutdown2.o(.ARM.Collect$$libshutdown$$00000011)
    __rt_lib_shutdown_return                 0x0800020d   Thumb Code     0  libshutdown2.o(.ARM.Collect$$libshutdown$$00000012)
    __rt_lib_shutdown_signal_1               0x0800020d   Thumb Code     0  libshutdown2.o(.ARM.Collect$$libshutdown$$0000000C)
    __rt_lib_shutdown_stdio_1                0x0800020d   Thumb Code     0  libshutdown2.o(.ARM.Collect$$libshutdown$$00000006)
    __rt_lib_shutdown_user_alloc_1           0x0800020d   Thumb Code     0  libshutdown2.o(.ARM.Collect$$libshutdown$$0000000E)
    __rt_entry                               0x0800020f   Thumb Code     0  __rtentry.o(.ARM.Collect$$rtentry$$00000000)
    __rt_entry_presh_1                       0x0800020f   Thumb Code     0  __rtentry2.o(.ARM.Collect$$rtentry$$00000002)
    __rt_entry_sh                            0x0800020f   Thumb Code     0  __rtentry4.o(.ARM.Collect$$rtentry$$00000004)
    __rt_entry_li                            0x08000215   Thumb Code     0  __rtentry2.o(.ARM.Collect$$rtentry$$0000000A)
    __rt_entry_postsh_1                      0x08000215   Thumb Code     0  __rtentry2.o(.ARM.Collect$$rtentry$$00000009)
    __rt_entry_main                          0x08000219   Thumb Code     0  __rtentry2.o(.ARM.Collect$$rtentry$$0000000D)
    __rt_entry_postli_1                      0x08000219   Thumb Code     0  __rtentry2.o(.ARM.Collect$$rtentry$$0000000C)
    __rt_exit                                0x08000221   Thumb Code     0  rtexit.o(.ARM.Collect$$rtexit$$00000000)
    __rt_exit_ls                             0x08000223   Thumb Code     0  rtexit2.o(.ARM.Collect$$rtexit$$00000003)
    __rt_exit_prels_1                        0x08000223   Thumb Code     0  rtexit2.o(.ARM.Collect$$rtexit$$00000002)
    __rt_exit_exit                           0x08000227   Thumb Code     0  rtexit2.o(.ARM.Collect$$rtexit$$00000004)
    main                                     0x0800022d   Thumb Code  2756  main.o(.text)
    NMI_Handler                              0x08000d41   Thumb Code     2  stm32f10x_it.o(.text)
    HardFault_Handler                        0x08000d43   Thumb Code     4  stm32f10x_it.o(.text)
    MemManage_Handler                        0x08000d47   Thumb Code     4  stm32f10x_it.o(.text)
    BusFault_Handler                         0x08000d4b   Thumb Code     4  stm32f10x_it.o(.text)
    UsageFault_Handler                       0x08000d4f   Thumb Code     4  stm32f10x_it.o(.text)
    SVC_Handler                              0x08000d53   Thumb Code     2  stm32f10x_it.o(.text)
    DebugMon_Handler                         0x08000d55   Thumb Code     2  stm32f10x_it.o(.text)
    PendSV_Handler                           0x08000d57   Thumb Code     2  stm32f10x_it.o(.text)
    SysTick_Handler                          0x08000d59   Thumb Code     2  stm32f10x_it.o(.text)
    SystemInit                               0x08000e3b   Thumb Code    78  system_stm32f10x.o(.text)
    SystemCoreClockUpdate                    0x08000e89   Thumb Code   142  system_stm32f10x.o(.text)
    LED_Init                                 0x08000f3d   Thumb Code   194  led.o(.text)
    IIC_Init                                 0x08001011   Thumb Code    50  myiic.o(.text)
    IIC_Start                                0x08001043   Thumb Code    68  myiic.o(.text)
    IIC_Stop                                 0x08001087   Thumb Code    70  myiic.o(.text)
    IIC_Wait_Ack                             0x080010cd   Thumb Code    90  myiic.o(.text)
    IIC_Ack                                  0x08001127   Thumb Code    74  myiic.o(.text)
    IIC_NAck                                 0x08001171   Thumb Code    74  myiic.o(.text)
    IIC_Send_Byte                            0x080011bb   Thumb Code   108  myiic.o(.text)
    IIC_Read_Byte                            0x08001227   Thumb Code   104  myiic.o(.text)
    Single_Write_BH1750                      0x0800129d   Thumb Code    46  bh1750.o(.text)
    Multiple_Read_BH1750                     0x080012cb   Thumb Code    54  bh1750.o(.text)
    Get_Sunlight_Value                       0x08001301   Thumb Code    96  bh1750.o(.text)
    BH1750_Init                              0x08001361   Thumb Code    34  bh1750.o(.text)
    USART2_IRQHandler                        0x0800138d   Thumb Code    50  rs485.o(.text)
    RS485_Init                               0x080013bf   Thumb Code   198  rs485.o(.text)
    RS485_Send_Data                          0x08001485   Thumb Code    72  rs485.o(.text)
    RS485_Receive_Data                       0x080014cd   Thumb Code    68  rs485.o(.text)
    Adc_Init                                 0x08001529   Thumb Code   134  adc.o(.text)
    Get_Adc                                  0x080015af   Thumb Code    46  adc.o(.text)
    Get_Adc_Average                          0x080015dd   Thumb Code    46  adc.o(.text)
    ADS1271_Init                             0x08001615   Thumb Code    86  ads1271.o(.text)
    Dac1_Init                                0x08001675   Thumb Code    94  dac.o(.text)
    Dac1_Set_Vol                             0x080016d3   Thumb Code    80  dac.o(.text)
    SPI2_ReadWriteByte                       0x08001731   Thumb Code    78  spi.o(.text)
    SPI2_Init                                0x0800177f   Thumb Code   166  spi.o(.text)
    SPI2_SetSpeed                            0x08001825   Thumb Code    36  spi.o(.text)
    TIM3_Int_Init                            0x08001851   Thumb Code    82  timer.o(.text)
    TIM2_Int_Init                            0x080018a3   Thumb Code    90  timer.o(.text)
    TIM3_IRQHandler                          0x080018fd   Thumb Code    32  timer.o(.text)
    TIM2_IRQHandler                          0x0800191d   Thumb Code    28  timer.o(.text)
    GetSend_R                                0x08001939   Thumb Code   270  timer.o(.text)
    delay_init                               0x08001a69   Thumb Code    50  delay.o(.text)
    delay_us                                 0x08001a9b   Thumb Code    72  delay.o(.text)
    delay_ms                                 0x08001ae3   Thumb Code    72  delay.o(.text)
    _sys_exit                                0x08001b3d   Thumb Code     6  usart.o(.text)
    fputc                                    0x08001b43   Thumb Code    24  usart.o(.text)
    uart_init                                0x08001b5b   Thumb Code   152  usart.o(.text)
    USART1_IRQHandler                        0x08001bf3   Thumb Code   210  usart.o(.text)
    Reset_Handler                            0x08001ced   Thumb Code     8  startup_stm32f10x_hd.o(.text)
    ADC1_2_IRQHandler                        0x08001d07   Thumb Code     0  startup_stm32f10x_hd.o(.text)
    ADC3_IRQHandler                          0x08001d07   Thumb Code     0  startup_stm32f10x_hd.o(.text)
    CAN1_RX1_IRQHandler                      0x08001d07   Thumb Code     0  startup_stm32f10x_hd.o(.text)
    CAN1_SCE_IRQHandler                      0x08001d07   Thumb Code     0  startup_stm32f10x_hd.o(.text)
    DMA1_Channel1_IRQHandler                 0x08001d07   Thumb Code     0  startup_stm32f10x_hd.o(.text)
    DMA1_Channel2_IRQHandler                 0x08001d07   Thumb Code     0  startup_stm32f10x_hd.o(.text)
    DMA1_Channel3_IRQHandler                 0x08001d07   Thumb Code     0  startup_stm32f10x_hd.o(.text)
    DMA1_Channel4_IRQHandler                 0x08001d07   Thumb Code     0  startup_stm32f10x_hd.o(.text)
    DMA1_Channel5_IRQHandler                 0x08001d07   Thumb Code     0  startup_stm32f10x_hd.o(.text)
    DMA1_Channel6_IRQHandler                 0x08001d07   Thumb Code     0  startup_stm32f10x_hd.o(.text)
    DMA1_Channel7_IRQHandler                 0x08001d07   Thumb Code     0  startup_stm32f10x_hd.o(.text)
    DMA2_Channel1_IRQHandler                 0x08001d07   Thumb Code     0  startup_stm32f10x_hd.o(.text)
    DMA2_Channel2_IRQHandler                 0x08001d07   Thumb Code     0  startup_stm32f10x_hd.o(.text)
    DMA2_Channel3_IRQHandler                 0x08001d07   Thumb Code     0  startup_stm32f10x_hd.o(.text)
    DMA2_Channel4_5_IRQHandler               0x08001d07   Thumb Code     0  startup_stm32f10x_hd.o(.text)
    EXTI0_IRQHandler                         0x08001d07   Thumb Code     0  startup_stm32f10x_hd.o(.text)
    EXTI15_10_IRQHandler                     0x08001d07   Thumb Code     0  startup_stm32f10x_hd.o(.text)
    EXTI1_IRQHandler                         0x08001d07   Thumb Code     0  startup_stm32f10x_hd.o(.text)
    EXTI2_IRQHandler                         0x08001d07   Thumb Code     0  startup_stm32f10x_hd.o(.text)
    EXTI3_IRQHandler                         0x08001d07   Thumb Code     0  startup_stm32f10x_hd.o(.text)
    EXTI4_IRQHandler                         0x08001d07   Thumb Code     0  startup_stm32f10x_hd.o(.text)
    EXTI9_5_IRQHandler                       0x08001d07   Thumb Code     0  startup_stm32f10x_hd.o(.text)
    FLASH_IRQHandler                         0x08001d07   Thumb Code     0  startup_stm32f10x_hd.o(.text)
    FSMC_IRQHandler                          0x08001d07   Thumb Code     0  startup_stm32f10x_hd.o(.text)
    I2C1_ER_IRQHandler                       0x08001d07   Thumb Code     0  startup_stm32f10x_hd.o(.text)
    I2C1_EV_IRQHandler                       0x08001d07   Thumb Code     0  startup_stm32f10x_hd.o(.text)
    I2C2_ER_IRQHandler                       0x08001d07   Thumb Code     0  startup_stm32f10x_hd.o(.text)
    I2C2_EV_IRQHandler                       0x08001d07   Thumb Code     0  startup_stm32f10x_hd.o(.text)
    PVD_IRQHandler                           0x08001d07   Thumb Code     0  startup_stm32f10x_hd.o(.text)
    RCC_IRQHandler                           0x08001d07   Thumb Code     0  startup_stm32f10x_hd.o(.text)
    RTCAlarm_IRQHandler                      0x08001d07   Thumb Code     0  startup_stm32f10x_hd.o(.text)
    RTC_IRQHandler                           0x08001d07   Thumb Code     0  startup_stm32f10x_hd.o(.text)
    SDIO_IRQHandler                          0x08001d07   Thumb Code     0  startup_stm32f10x_hd.o(.text)
    SPI1_IRQHandler                          0x08001d07   Thumb Code     0  startup_stm32f10x_hd.o(.text)
    SPI2_IRQHandler                          0x08001d07   Thumb Code     0  startup_stm32f10x_hd.o(.text)
    SPI3_IRQHandler                          0x08001d07   Thumb Code     0  startup_stm32f10x_hd.o(.text)
    TAMPER_IRQHandler                        0x08001d07   Thumb Code     0  startup_stm32f10x_hd.o(.text)
    TIM1_BRK_IRQHandler                      0x08001d07   Thumb Code     0  startup_stm32f10x_hd.o(.text)
    TIM1_CC_IRQHandler                       0x08001d07   Thumb Code     0  startup_stm32f10x_hd.o(.text)
    TIM1_TRG_COM_IRQHandler                  0x08001d07   Thumb Code     0  startup_stm32f10x_hd.o(.text)
    TIM1_UP_IRQHandler                       0x08001d07   Thumb Code     0  startup_stm32f10x_hd.o(.text)
    TIM5_IRQHandler                          0x08001d07   Thumb Code     0  startup_stm32f10x_hd.o(.text)
    TIM6_IRQHandler                          0x08001d07   Thumb Code     0  startup_stm32f10x_hd.o(.text)
    TIM7_IRQHandler                          0x08001d07   Thumb Code     0  startup_stm32f10x_hd.o(.text)
    TIM8_BRK_IRQHandler                      0x08001d07   Thumb Code     0  startup_stm32f10x_hd.o(.text)
    TIM8_CC_IRQHandler                       0x08001d07   Thumb Code     0  startup_stm32f10x_hd.o(.text)
    TIM8_TRG_COM_IRQHandler                  0x08001d07   Thumb Code     0  startup_stm32f10x_hd.o(.text)
    TIM8_UP_IRQHandler                       0x08001d07   Thumb Code     0  startup_stm32f10x_hd.o(.text)
    UART4_IRQHandler                         0x08001d07   Thumb Code     0  startup_stm32f10x_hd.o(.text)
    UART5_IRQHandler                         0x08001d07   Thumb Code     0  startup_stm32f10x_hd.o(.text)
    USART3_IRQHandler                        0x08001d07   Thumb Code     0  startup_stm32f10x_hd.o(.text)
    USBWakeUp_IRQHandler                     0x08001d07   Thumb Code     0  startup_stm32f10x_hd.o(.text)
    USB_HP_CAN1_TX_IRQHandler                0x08001d07   Thumb Code     0  startup_stm32f10x_hd.o(.text)
    USB_LP_CAN1_RX0_IRQHandler               0x08001d07   Thumb Code     0  startup_stm32f10x_hd.o(.text)
    WWDG_IRQHandler                          0x08001d07   Thumb Code     0  startup_stm32f10x_hd.o(.text)
    __user_initial_stackheap                 0x08001d09   Thumb Code     0  startup_stm32f10x_hd.o(.text)
    NVIC_PriorityGroupConfig                 0x08001d2d   Thumb Code    10  misc.o(.text)
    NVIC_Init                                0x08001d37   Thumb Code   100  misc.o(.text)
    NVIC_SetVectorTable                      0x08001d9b   Thumb Code    14  misc.o(.text)
    NVIC_SystemLPConfig                      0x08001da9   Thumb Code    34  misc.o(.text)
    SysTick_CLKSourceConfig                  0x08001dcb   Thumb Code    40  misc.o(.text)
    GPIO_DeInit                              0x08001e09   Thumb Code   172  stm32f10x_gpio.o(.text)
    GPIO_AFIODeInit                          0x08001eb5   Thumb Code    20  stm32f10x_gpio.o(.text)
    GPIO_Init                                0x08001ec9   Thumb Code   278  stm32f10x_gpio.o(.text)
    GPIO_StructInit                          0x08001fdf   Thumb Code    16  stm32f10x_gpio.o(.text)
    GPIO_ReadInputDataBit                    0x08001fef   Thumb Code    18  stm32f10x_gpio.o(.text)
    GPIO_ReadInputData                       0x08002001   Thumb Code     8  stm32f10x_gpio.o(.text)
    GPIO_ReadOutputDataBit                   0x08002009   Thumb Code    18  stm32f10x_gpio.o(.text)
    GPIO_ReadOutputData                      0x0800201b   Thumb Code     8  stm32f10x_gpio.o(.text)
    GPIO_SetBits                             0x08002023   Thumb Code     4  stm32f10x_gpio.o(.text)
    GPIO_ResetBits                           0x08002027   Thumb Code     4  stm32f10x_gpio.o(.text)
    GPIO_WriteBit                            0x0800202b   Thumb Code    10  stm32f10x_gpio.o(.text)
    GPIO_Write                               0x08002035   Thumb Code     4  stm32f10x_gpio.o(.text)
    GPIO_PinLockConfig                       0x08002039   Thumb Code    18  stm32f10x_gpio.o(.text)
    GPIO_EventOutputConfig                   0x0800204b   Thumb Code    26  stm32f10x_gpio.o(.text)
    GPIO_EventOutputCmd                      0x08002065   Thumb Code     6  stm32f10x_gpio.o(.text)
    GPIO_PinRemapConfig                      0x0800206b   Thumb Code   138  stm32f10x_gpio.o(.text)
    GPIO_EXTILineConfig                      0x080020f5   Thumb Code    66  stm32f10x_gpio.o(.text)
    GPIO_ETH_MediaInterfaceConfig            0x08002137   Thumb Code     8  stm32f10x_gpio.o(.text)
    RCC_DeInit                               0x08002165   Thumb Code    64  stm32f10x_rcc.o(.text)
    RCC_HSEConfig                            0x080021a5   Thumb Code    70  stm32f10x_rcc.o(.text)
    RCC_GetFlagStatus                        0x080021eb   Thumb Code    56  stm32f10x_rcc.o(.text)
    RCC_WaitForHSEStartUp                    0x08002223   Thumb Code    56  stm32f10x_rcc.o(.text)
    RCC_AdjustHSICalibrationValue            0x0800225b   Thumb Code    20  stm32f10x_rcc.o(.text)
    RCC_HSICmd                               0x0800226f   Thumb Code     6  stm32f10x_rcc.o(.text)
    RCC_PLLConfig                            0x08002275   Thumb Code    24  stm32f10x_rcc.o(.text)
    RCC_PLLCmd                               0x0800228d   Thumb Code     6  stm32f10x_rcc.o(.text)
    RCC_SYSCLKConfig                         0x08002293   Thumb Code    18  stm32f10x_rcc.o(.text)
    RCC_GetSYSCLKSource                      0x080022a5   Thumb Code    10  stm32f10x_rcc.o(.text)
    RCC_HCLKConfig                           0x080022af   Thumb Code    18  stm32f10x_rcc.o(.text)
    RCC_PCLK1Config                          0x080022c1   Thumb Code    18  stm32f10x_rcc.o(.text)
    RCC_PCLK2Config                          0x080022d3   Thumb Code    20  stm32f10x_rcc.o(.text)
    RCC_ITConfig                             0x080022e7   Thumb Code    26  stm32f10x_rcc.o(.text)
    RCC_USBCLKConfig                         0x08002301   Thumb Code     8  stm32f10x_rcc.o(.text)
    RCC_ADCCLKConfig                         0x08002309   Thumb Code    18  stm32f10x_rcc.o(.text)
    RCC_LSEConfig                            0x0800231b   Thumb Code    50  stm32f10x_rcc.o(.text)
    RCC_LSICmd                               0x0800234d   Thumb Code     6  stm32f10x_rcc.o(.text)
    RCC_RTCCLKConfig                         0x08002353   Thumb Code    12  stm32f10x_rcc.o(.text)
    RCC_RTCCLKCmd                            0x0800235f   Thumb Code     8  stm32f10x_rcc.o(.text)
    RCC_GetClocksFreq                        0x08002367   Thumb Code   192  stm32f10x_rcc.o(.text)
    RCC_AHBPeriphClockCmd                    0x08002427   Thumb Code    26  stm32f10x_rcc.o(.text)
    RCC_APB2PeriphClockCmd                   0x08002441   Thumb Code    26  stm32f10x_rcc.o(.text)
    RCC_APB1PeriphClockCmd                   0x0800245b   Thumb Code    26  stm32f10x_rcc.o(.text)
    RCC_APB2PeriphResetCmd                   0x08002475   Thumb Code    26  stm32f10x_rcc.o(.text)
    RCC_APB1PeriphResetCmd                   0x0800248f   Thumb Code    26  stm32f10x_rcc.o(.text)
    RCC_BackupResetCmd                       0x080024a9   Thumb Code     8  stm32f10x_rcc.o(.text)
    RCC_ClockSecuritySystemCmd               0x080024b1   Thumb Code     6  stm32f10x_rcc.o(.text)
    RCC_MCOConfig                            0x080024b7   Thumb Code     6  stm32f10x_rcc.o(.text)
    RCC_ClearFlag                            0x080024bd   Thumb Code    14  stm32f10x_rcc.o(.text)
    RCC_GetITStatus                          0x080024cb   Thumb Code    20  stm32f10x_rcc.o(.text)
    RCC_ClearITPendingBit                    0x080024df   Thumb Code     6  stm32f10x_rcc.o(.text)
    USART_DeInit                             0x08002509   Thumb Code   134  stm32f10x_usart.o(.text)
    USART_Init                               0x0800258f   Thumb Code   210  stm32f10x_usart.o(.text)
    USART_StructInit                         0x08002661   Thumb Code    24  stm32f10x_usart.o(.text)
    USART_ClockInit                          0x08002679   Thumb Code    34  stm32f10x_usart.o(.text)
    USART_ClockStructInit                    0x0800269b   Thumb Code    12  stm32f10x_usart.o(.text)
    USART_Cmd                                0x080026a7   Thumb Code    24  stm32f10x_usart.o(.text)
    USART_ITConfig                           0x080026bf   Thumb Code    74  stm32f10x_usart.o(.text)
    USART_DMACmd                             0x08002709   Thumb Code    18  stm32f10x_usart.o(.text)
    USART_SetAddress                         0x0800271b   Thumb Code    18  stm32f10x_usart.o(.text)
    USART_WakeUpConfig                       0x0800272d   Thumb Code    18  stm32f10x_usart.o(.text)
    USART_ReceiverWakeUpCmd                  0x0800273f   Thumb Code    24  stm32f10x_usart.o(.text)
    USART_LINBreakDetectLengthConfig         0x08002757   Thumb Code    18  stm32f10x_usart.o(.text)
    USART_LINCmd                             0x08002769   Thumb Code    24  stm32f10x_usart.o(.text)
    USART_SendData                           0x08002781   Thumb Code     8  stm32f10x_usart.o(.text)
    USART_ReceiveData                        0x08002789   Thumb Code    10  stm32f10x_usart.o(.text)
    USART_SendBreak                          0x08002793   Thumb Code    10  stm32f10x_usart.o(.text)
    USART_SetGuardTime                       0x0800279d   Thumb Code    16  stm32f10x_usart.o(.text)
    USART_SetPrescaler                       0x080027ad   Thumb Code    16  stm32f10x_usart.o(.text)
    USART_SmartCardCmd                       0x080027bd   Thumb Code    24  stm32f10x_usart.o(.text)
    USART_SmartCardNACKCmd                   0x080027d5   Thumb Code    24  stm32f10x_usart.o(.text)
    USART_HalfDuplexCmd                      0x080027ed   Thumb Code    24  stm32f10x_usart.o(.text)
    USART_OverSampling8Cmd                   0x08002805   Thumb Code    22  stm32f10x_usart.o(.text)
    USART_OneBitMethodCmd                    0x0800281b   Thumb Code    24  stm32f10x_usart.o(.text)
    USART_IrDAConfig                         0x08002833   Thumb Code    18  stm32f10x_usart.o(.text)
    USART_IrDACmd                            0x08002845   Thumb Code    24  stm32f10x_usart.o(.text)
    USART_GetFlagStatus                      0x0800285d   Thumb Code    26  stm32f10x_usart.o(.text)
    USART_ClearFlag                          0x08002877   Thumb Code    18  stm32f10x_usart.o(.text)
    USART_GetITStatus                        0x08002889   Thumb Code    84  stm32f10x_usart.o(.text)
    USART_ClearITPendingBit                  0x080028dd   Thumb Code    52  stm32f10x_usart.o(.text)
    TIM_DeInit                               0x08002911   Thumb Code   424  stm32f10x_tim.o(.text)
    TIM_TimeBaseInit                         0x08002ab9   Thumb Code   122  stm32f10x_tim.o(.text)
    TIM_OC1Init                              0x08002b33   Thumb Code   132  stm32f10x_tim.o(.text)
    TIM_OC2Init                              0x08002bb7   Thumb Code   154  stm32f10x_tim.o(.text)
    TIM_OC3Init                              0x08002c51   Thumb Code   150  stm32f10x_tim.o(.text)
    TIM_OC4Init                              0x08002ce7   Thumb Code   182  stm32f10x_tim.o(.text)
    TIM_SetIC4Prescaler                      0x08002d9d   Thumb Code    26  stm32f10x_tim.o(.text)
    TIM_SetIC3Prescaler                      0x08002e39   Thumb Code    18  stm32f10x_tim.o(.text)
    TIM_SetIC2Prescaler                      0x08002ec5   Thumb Code    26  stm32f10x_tim.o(.text)
    TIM_SetIC1Prescaler                      0x08002f61   Thumb Code    18  stm32f10x_tim.o(.text)
    TIM_ICInit                               0x08002fdf   Thumb Code   150  stm32f10x_tim.o(.text)
    TIM_PWMIConfig                           0x08003075   Thumb Code   124  stm32f10x_tim.o(.text)
    TIM_BDTRConfig                           0x080030f1   Thumb Code    32  stm32f10x_tim.o(.text)
    TIM_TimeBaseStructInit                   0x08003111   Thumb Code    18  stm32f10x_tim.o(.text)
    TIM_OCStructInit                         0x08003123   Thumb Code    20  stm32f10x_tim.o(.text)
    TIM_ICStructInit                         0x08003137   Thumb Code    18  stm32f10x_tim.o(.text)
    TIM_BDTRStructInit                       0x08003149   Thumb Code    40  stm32f10x_tim.o(.text)
    TIM_Cmd                                  0x08003171   Thumb Code    24  stm32f10x_tim.o(.text)
    TIM_CtrlPWMOutputs                       0x08003189   Thumb Code    30  stm32f10x_tim.o(.text)
    TIM_ITConfig                             0x080031a7   Thumb Code    18  stm32f10x_tim.o(.text)
    TIM_GenerateEvent                        0x080031b9   Thumb Code     4  stm32f10x_tim.o(.text)
    TIM_DMAConfig                            0x080031bd   Thumb Code    10  stm32f10x_tim.o(.text)
    TIM_DMACmd                               0x080031c7   Thumb Code    18  stm32f10x_tim.o(.text)
    TIM_InternalClockConfig                  0x080031d9   Thumb Code    12  stm32f10x_tim.o(.text)
    TIM_SelectInputTrigger                   0x080031e5   Thumb Code    18  stm32f10x_tim.o(.text)
    TIM_ITRxExternalClockConfig              0x080031f7   Thumb Code    24  stm32f10x_tim.o(.text)
    TIM_TIxExternalClockConfig               0x0800320f   Thumb Code    62  stm32f10x_tim.o(.text)
    TIM_ETRConfig                            0x0800324d   Thumb Code    28  stm32f10x_tim.o(.text)
    TIM_ETRClockMode1Config                  0x08003269   Thumb Code    54  stm32f10x_tim.o(.text)
    TIM_ETRClockMode2Config                  0x0800329f   Thumb Code    32  stm32f10x_tim.o(.text)
    TIM_PrescalerConfig                      0x080032bf   Thumb Code     6  stm32f10x_tim.o(.text)
    TIM_CounterModeConfig                    0x080032c5   Thumb Code    18  stm32f10x_tim.o(.text)
    TIM_EncoderInterfaceConfig               0x080032d7   Thumb Code    66  stm32f10x_tim.o(.text)
    TIM_ForcedOC1Config                      0x08003319   Thumb Code    18  stm32f10x_tim.o(.text)
    TIM_ForcedOC2Config                      0x0800332b   Thumb Code    26  stm32f10x_tim.o(.text)
    TIM_ForcedOC3Config                      0x08003345   Thumb Code    18  stm32f10x_tim.o(.text)
    TIM_ForcedOC4Config                      0x08003357   Thumb Code    26  stm32f10x_tim.o(.text)
    TIM_ARRPreloadConfig                     0x08003371   Thumb Code    24  stm32f10x_tim.o(.text)
    TIM_SelectCOM                            0x08003389   Thumb Code    24  stm32f10x_tim.o(.text)
    TIM_SelectCCDMA                          0x080033a1   Thumb Code    24  stm32f10x_tim.o(.text)
    TIM_CCPreloadControl                     0x080033b9   Thumb Code    24  stm32f10x_tim.o(.text)
    TIM_OC1PreloadConfig                     0x080033d1   Thumb Code    18  stm32f10x_tim.o(.text)
    TIM_OC2PreloadConfig                     0x080033e3   Thumb Code    26  stm32f10x_tim.o(.text)
    TIM_OC3PreloadConfig                     0x080033fd   Thumb Code    18  stm32f10x_tim.o(.text)
    TIM_OC4PreloadConfig                     0x0800340f   Thumb Code    26  stm32f10x_tim.o(.text)
    TIM_OC1FastConfig                        0x08003429   Thumb Code    18  stm32f10x_tim.o(.text)
    TIM_OC2FastConfig                        0x0800343b   Thumb Code    26  stm32f10x_tim.o(.text)
    TIM_OC3FastConfig                        0x08003455   Thumb Code    18  stm32f10x_tim.o(.text)
    TIM_OC4FastConfig                        0x08003467   Thumb Code    26  stm32f10x_tim.o(.text)
    TIM_ClearOC1Ref                          0x08003481   Thumb Code    18  stm32f10x_tim.o(.text)
    TIM_ClearOC2Ref                          0x08003493   Thumb Code    24  stm32f10x_tim.o(.text)
    TIM_ClearOC3Ref                          0x080034ab   Thumb Code    18  stm32f10x_tim.o(.text)
    TIM_ClearOC4Ref                          0x080034bd   Thumb Code    24  stm32f10x_tim.o(.text)
    TIM_OC1PolarityConfig                    0x080034d5   Thumb Code    18  stm32f10x_tim.o(.text)
    TIM_OC1NPolarityConfig                   0x080034e7   Thumb Code    18  stm32f10x_tim.o(.text)
    TIM_OC2PolarityConfig                    0x080034f9   Thumb Code    26  stm32f10x_tim.o(.text)
    TIM_OC2NPolarityConfig                   0x08003513   Thumb Code    26  stm32f10x_tim.o(.text)
    TIM_OC3PolarityConfig                    0x0800352d   Thumb Code    26  stm32f10x_tim.o(.text)
    TIM_OC3NPolarityConfig                   0x08003547   Thumb Code    26  stm32f10x_tim.o(.text)
    TIM_OC4PolarityConfig                    0x08003561   Thumb Code    26  stm32f10x_tim.o(.text)
    TIM_CCxCmd                               0x0800357b   Thumb Code    30  stm32f10x_tim.o(.text)
    TIM_CCxNCmd                              0x08003599   Thumb Code    30  stm32f10x_tim.o(.text)
    TIM_SelectOCxM                           0x080035b7   Thumb Code    82  stm32f10x_tim.o(.text)
    TIM_UpdateDisableConfig                  0x08003609   Thumb Code    24  stm32f10x_tim.o(.text)
    TIM_UpdateRequestConfig                  0x08003621   Thumb Code    24  stm32f10x_tim.o(.text)
    TIM_SelectHallSensor                     0x08003639   Thumb Code    24  stm32f10x_tim.o(.text)
    TIM_SelectOnePulseMode                   0x08003651   Thumb Code    18  stm32f10x_tim.o(.text)
    TIM_SelectOutputTrigger                  0x08003663   Thumb Code    18  stm32f10x_tim.o(.text)
    TIM_SelectSlaveMode                      0x08003675   Thumb Code    18  stm32f10x_tim.o(.text)
    TIM_SelectMasterSlaveMode                0x08003687   Thumb Code    18  stm32f10x_tim.o(.text)
    TIM_SetCounter                           0x08003699   Thumb Code     4  stm32f10x_tim.o(.text)
    TIM_SetAutoreload                        0x0800369d   Thumb Code     4  stm32f10x_tim.o(.text)
    TIM_SetCompare1                          0x080036a1   Thumb Code     4  stm32f10x_tim.o(.text)
    TIM_SetCompare2                          0x080036a5   Thumb Code     4  stm32f10x_tim.o(.text)
    TIM_SetCompare3                          0x080036a9   Thumb Code     4  stm32f10x_tim.o(.text)
    TIM_SetCompare4                          0x080036ad   Thumb Code     6  stm32f10x_tim.o(.text)
    TIM_SetClockDivision                     0x080036b3   Thumb Code    18  stm32f10x_tim.o(.text)
    TIM_GetCapture1                          0x080036c5   Thumb Code     6  stm32f10x_tim.o(.text)
    TIM_GetCapture2                          0x080036cb   Thumb Code     6  stm32f10x_tim.o(.text)
    TIM_GetCapture3                          0x080036d1   Thumb Code     6  stm32f10x_tim.o(.text)
    TIM_GetCapture4                          0x080036d7   Thumb Code     8  stm32f10x_tim.o(.text)
    TIM_GetCounter                           0x080036df   Thumb Code     6  stm32f10x_tim.o(.text)
    TIM_GetPrescaler                         0x080036e5   Thumb Code     6  stm32f10x_tim.o(.text)
    TIM_GetFlagStatus                        0x080036eb   Thumb Code    18  stm32f10x_tim.o(.text)
    TIM_ClearFlag                            0x080036fd   Thumb Code     6  stm32f10x_tim.o(.text)
    TIM_GetITStatus                          0x08003703   Thumb Code    34  stm32f10x_tim.o(.text)
    TIM_ClearITPendingBit                    0x08003725   Thumb Code     6  stm32f10x_tim.o(.text)
    ADC_DeInit                               0x0800372d   Thumb Code    78  stm32f10x_adc.o(.text)
    ADC_Init                                 0x0800377b   Thumb Code    70  stm32f10x_adc.o(.text)
    ADC_StructInit                           0x080037c1   Thumb Code    18  stm32f10x_adc.o(.text)
    ADC_Cmd                                  0x080037d3   Thumb Code    22  stm32f10x_adc.o(.text)
    ADC_DMACmd                               0x080037e9   Thumb Code    22  stm32f10x_adc.o(.text)
    ADC_ITConfig                             0x080037ff   Thumb Code    24  stm32f10x_adc.o(.text)
    ADC_ResetCalibration                     0x08003817   Thumb Code    10  stm32f10x_adc.o(.text)
    ADC_GetResetCalibrationStatus            0x08003821   Thumb Code    20  stm32f10x_adc.o(.text)
    ADC_StartCalibration                     0x08003835   Thumb Code    10  stm32f10x_adc.o(.text)
    ADC_GetCalibrationStatus                 0x0800383f   Thumb Code    20  stm32f10x_adc.o(.text)
    ADC_SoftwareStartConvCmd                 0x08003853   Thumb Code    22  stm32f10x_adc.o(.text)
    ADC_GetSoftwareStartConvStatus           0x08003869   Thumb Code    20  stm32f10x_adc.o(.text)
    ADC_DiscModeChannelCountConfig           0x0800387d   Thumb Code    24  stm32f10x_adc.o(.text)
    ADC_DiscModeCmd                          0x08003895   Thumb Code    22  stm32f10x_adc.o(.text)
    ADC_RegularChannelConfig                 0x080038ab   Thumb Code   184  stm32f10x_adc.o(.text)
    ADC_ExternalTrigConvCmd                  0x08003963   Thumb Code    22  stm32f10x_adc.o(.text)
    ADC_GetConversionValue                   0x08003979   Thumb Code     8  stm32f10x_adc.o(.text)
    ADC_GetDualModeConversionValue           0x08003981   Thumb Code     8  stm32f10x_adc.o(.text)
    ADC_AutoInjectedConvCmd                  0x08003989   Thumb Code    22  stm32f10x_adc.o(.text)
    ADC_InjectedDiscModeCmd                  0x0800399f   Thumb Code    22  stm32f10x_adc.o(.text)
    ADC_ExternalTrigInjectedConvConfig       0x080039b5   Thumb Code    16  stm32f10x_adc.o(.text)
    ADC_ExternalTrigInjectedConvCmd          0x080039c5   Thumb Code    22  stm32f10x_adc.o(.text)
    ADC_SoftwareStartInjectedConvCmd         0x080039db   Thumb Code    22  stm32f10x_adc.o(.text)
    ADC_GetSoftwareStartInjectedConvCmdStatus 0x080039f1   Thumb Code    20  stm32f10x_adc.o(.text)
    ADC_InjectedChannelConfig                0x08003a05   Thumb Code   130  stm32f10x_adc.o(.text)
    ADC_InjectedSequencerLengthConfig        0x08003a87   Thumb Code    24  stm32f10x_adc.o(.text)
    ADC_SetInjectedOffset                    0x08003a9f   Thumb Code    20  stm32f10x_adc.o(.text)
    ADC_GetInjectedConversionValue           0x08003ab3   Thumb Code    28  stm32f10x_adc.o(.text)
    ADC_AnalogWatchdogCmd                    0x08003acf   Thumb Code    16  stm32f10x_adc.o(.text)
    ADC_AnalogWatchdogThresholdsConfig       0x08003adf   Thumb Code     6  stm32f10x_adc.o(.text)
    ADC_AnalogWatchdogSingleChannelConfig    0x08003ae5   Thumb Code    16  stm32f10x_adc.o(.text)
    ADC_TempSensorVrefintCmd                 0x08003af5   Thumb Code    64  stm32f10x_adc.o(.text)
    ADC_GetFlagStatus                        0x08003b35   Thumb Code    18  stm32f10x_adc.o(.text)
    ADC_ClearFlag                            0x08003b47   Thumb Code     6  stm32f10x_adc.o(.text)
    ADC_GetITStatus                          0x08003b4d   Thumb Code    36  stm32f10x_adc.o(.text)
    ADC_ClearITPendingBit                    0x08003b71   Thumb Code    10  stm32f10x_adc.o(.text)
    SPI_I2S_DeInit                           0x08003b7d   Thumb Code    76  stm32f10x_spi.o(.text)
    SPI_Init                                 0x08003bc9   Thumb Code    60  stm32f10x_spi.o(.text)
    I2S_Init                                 0x08003c05   Thumb Code   226  stm32f10x_spi.o(.text)
    SPI_StructInit                           0x08003ce7   Thumb Code    24  stm32f10x_spi.o(.text)
    I2S_StructInit                           0x08003cff   Thumb Code    20  stm32f10x_spi.o(.text)
    SPI_Cmd                                  0x08003d13   Thumb Code    24  stm32f10x_spi.o(.text)
    I2S_Cmd                                  0x08003d2b   Thumb Code    24  stm32f10x_spi.o(.text)
    SPI_I2S_ITConfig                         0x08003d43   Thumb Code    32  stm32f10x_spi.o(.text)
    SPI_I2S_DMACmd                           0x08003d63   Thumb Code    18  stm32f10x_spi.o(.text)
    SPI_I2S_SendData                         0x08003d75   Thumb Code     4  stm32f10x_spi.o(.text)
    SPI_I2S_ReceiveData                      0x08003d79   Thumb Code     6  stm32f10x_spi.o(.text)
    SPI_NSSInternalSoftwareConfig            0x08003d7f   Thumb Code    30  stm32f10x_spi.o(.text)
    SPI_SSOutputCmd                          0x08003d9d   Thumb Code    24  stm32f10x_spi.o(.text)
    SPI_DataSizeConfig                       0x08003db5   Thumb Code    18  stm32f10x_spi.o(.text)
    SPI_TransmitCRC                          0x08003dc7   Thumb Code    10  stm32f10x_spi.o(.text)
    SPI_CalculateCRC                         0x08003dd1   Thumb Code    24  stm32f10x_spi.o(.text)
    SPI_GetCRC                               0x08003de9   Thumb Code    16  stm32f10x_spi.o(.text)
    SPI_GetCRCPolynomial                     0x08003df9   Thumb Code     6  stm32f10x_spi.o(.text)
    SPI_BiDirectionalLineConfig              0x08003dff   Thumb Code    28  stm32f10x_spi.o(.text)
    SPI_I2S_GetFlagStatus                    0x08003e1b   Thumb Code    18  stm32f10x_spi.o(.text)
    SPI_I2S_ClearFlag                        0x08003e2d   Thumb Code     6  stm32f10x_spi.o(.text)
    SPI_I2S_GetITStatus                      0x08003e33   Thumb Code    52  stm32f10x_spi.o(.text)
    SPI_I2S_ClearITPendingBit                0x08003e67   Thumb Code    20  stm32f10x_spi.o(.text)
    DAC_DeInit                               0x08003e89   Thumb Code    22  stm32f10x_dac.o(.text)
    DAC_Init                                 0x08003e9f   Thumb Code    46  stm32f10x_dac.o(.text)
    DAC_StructInit                           0x08003ecd   Thumb Code    12  stm32f10x_dac.o(.text)
    DAC_Cmd                                  0x08003ed9   Thumb Code    34  stm32f10x_dac.o(.text)
    DAC_DMACmd                               0x08003efb   Thumb Code    38  stm32f10x_dac.o(.text)
    DAC_SoftwareTriggerCmd                   0x08003f21   Thumb Code    48  stm32f10x_dac.o(.text)
    DAC_DualSoftwareTriggerCmd               0x08003f51   Thumb Code    38  stm32f10x_dac.o(.text)
    DAC_WaveGenerationCmd                    0x08003f77   Thumb Code    36  stm32f10x_dac.o(.text)
    DAC_SetChannel1Data                      0x08003f9b   Thumb Code    26  stm32f10x_dac.o(.text)
    DAC_SetChannel2Data                      0x08003fb5   Thumb Code    26  stm32f10x_dac.o(.text)
    DAC_SetDualChannelData                   0x08003fcf   Thumb Code    32  stm32f10x_dac.o(.text)
    DAC_GetDataOutputValue                   0x08003fef   Thumb Code    32  stm32f10x_dac.o(.text)
    usmart_sys_cmd_exe                       0x08004015   Thumb Code  1554  usmart.o(.text)
    usmart_reset_runtime                     0x08004627   Thumb Code    38  usmart.o(.text)
    usmart_get_runtime                       0x0800464d   Thumb Code    60  usmart.o(.text)
    TIM4_IRQHandler                          0x08004689   Thumb Code    46  usmart.o(.text)
    Timer4_Init                              0x080046b7   Thumb Code    88  usmart.o(.text)
    usmart_init                              0x0800470f   Thumb Code    36  usmart.o(.text)
    usmart_cmd_rec                           0x08004733   Thumb Code   170  usmart.o(.text)
    usmart_exe                               0x080047dd   Thumb Code   870  usmart.o(.text)
    usmart_scan                              0x08004b43   Thumb Code   120  usmart.o(.text)
    read_addr                                0x08004bbb   Thumb Code     6  usmart.o(.text)
    write_addr                               0x08004bc1   Thumb Code     4  usmart.o(.text)
    usmart_strcmp                            0x08004c4d   Thumb Code    34  usmart_str.o(.text)
    usmart_strcopy                           0x08004c6f   Thumb Code    22  usmart_str.o(.text)
    usmart_strlen                            0x08004c85   Thumb Code    24  usmart_str.o(.text)
    usmart_pow                               0x08004c9d   Thumb Code    22  usmart_str.o(.text)
    usmart_str2num                           0x08004cb3   Thumb Code   202  usmart_str.o(.text)
    usmart_get_cmdname                       0x08004d7d   Thumb Code    54  usmart_str.o(.text)
    usmart_search_nextc                      0x08004db3   Thumb Code    22  usmart_str.o(.text)
    usmart_get_fname                         0x08004dc9   Thumb Code   440  usmart_str.o(.text)
    usmart_get_aparm                         0x08004f81   Thumb Code   200  usmart_str.o(.text)
    usmart_get_parmpos                       0x08005049   Thumb Code    26  usmart_str.o(.text)
    usmart_get_fparam                        0x08005063   Thumb Code   262  usmart_str.o(.text)
    __use_no_semihosting                     0x08005175   Thumb Code     2  use_no_semi_2.o(.text)
    __2printf                                0x08005179   Thumb Code    20  noretval__2printf.o(.text)
    _printf_pre_padding                      0x08005191   Thumb Code    44  _printf_pad.o(.text)
    _printf_post_padding                     0x080051bd   Thumb Code    34  _printf_pad.o(.text)
    _printf_str                              0x080051df   Thumb Code    82  _printf_str.o(.text)
    _printf_int_dec                          0x08005231   Thumb Code   104  _printf_dec.o(.text)
    _printf_int_hex                          0x080052a9   Thumb Code    84  _printf_hex_int.o(.text)
    _printf_longlong_hex                     0x080052a9   Thumb Code     0  _printf_hex_int.o(.text)
    __printf                                 0x08005301   Thumb Code   388  __printf_flags_ss_wp.o(.text)
    __use_two_region_memory                  0x08005489   Thumb Code     2  heapauxi.o(.text)
    __rt_heap_escrow$2region                 0x0800548b   Thumb Code     2  heapauxi.o(.text)
    __rt_heap_expand$2region                 0x0800548d   Thumb Code     2  heapauxi.o(.text)
    __I$use$semihosting                      0x0800548f   Thumb Code     0  use_no_semi.o(.text)
    __use_no_semihosting_swi                 0x0800548f   Thumb Code     2  use_no_semi.o(.text)
    _printf_int_common                       0x08005491   Thumb Code   178  _printf_intcommon.o(.text)
    _printf_cs_common                        0x08005543   Thumb Code    20  _printf_char.o(.text)
    _printf_char                             0x08005557   Thumb Code    16  _printf_char.o(.text)
    _printf_string                           0x08005567   Thumb Code     8  _printf_char.o(.text)
    _printf_char_file                        0x08005571   Thumb Code    32  _printf_char_file.o(.text)
    _printf_char_common                      0x0800559f   Thumb Code    32  _printf_char_common.o(.text)
    ferror                                   0x080055c5   Thumb Code     8  ferror.o(.text)
    __user_setup_stackheap                   0x080055cd   Thumb Code    74  sys_stackheap_outer.o(.text)
    exit                                     0x08005617   Thumb Code    18  exit.o(.text)
    __user_libspace                          0x08005629   Thumb Code     8  libspace.o(.text)
    __user_perproc_libspace                  0x08005629   Thumb Code     0  libspace.o(.text)
    __user_perthread_libspace                0x08005629   Thumb Code     0  libspace.o(.text)
    _is_digit                                0x08005631   Thumb Code    14  __printf_wp.o(i._is_digit)
    __aeabi_d2f                              0x08005641   Thumb Code     0  d2f.o(x$fpl$d2f)
    _d2f                                     0x08005641   Thumb Code    98  d2f.o(x$fpl$d2f)
    __aeabi_ddiv                             0x080056a5   Thumb Code     0  ddiv.o(x$fpl$ddiv)
    _ddiv                                    0x080056a5   Thumb Code   552  ddiv.o(x$fpl$ddiv)
    __aeabi_d2uiz                            0x08005955   Thumb Code     0  dfixu.o(x$fpl$dfixu)
    _dfixu                                   0x08005955   Thumb Code    90  dfixu.o(x$fpl$dfixu)
    __aeabi_dmul                             0x080059b1   Thumb Code     0  dmul.o(x$fpl$dmul)
    _dmul                                    0x080059b1   Thumb Code   332  dmul.o(x$fpl$dmul)
    __fpl_dnaninf                            0x08005b05   Thumb Code   156  dnaninf.o(x$fpl$dnaninf)
    __fpl_dretinf                            0x08005ba1   Thumb Code    12  dretinf.o(x$fpl$dretinf)
    __aeabi_f2d                              0x08005bad   Thumb Code     0  f2d.o(x$fpl$f2d)
    _f2d                                     0x08005bad   Thumb Code    86  f2d.o(x$fpl$f2d)
    __aeabi_fdiv                             0x08005c05   Thumb Code     0  fdiv.o(x$fpl$fdiv)
    _fdiv                                    0x08005c05   Thumb Code   384  fdiv.o(x$fpl$fdiv)
    __aeabi_f2uiz                            0x08005d89   Thumb Code     0  ffixu.o(x$fpl$ffixu)
    _ffixu                                   0x08005d89   Thumb Code    62  ffixu.o(x$fpl$ffixu)
    __aeabi_i2f                              0x08005dc9   Thumb Code     0  fflt_clz.o(x$fpl$fflt)
    _fflt                                    0x08005dc9   Thumb Code    48  fflt_clz.o(x$fpl$fflt)
    __aeabi_ui2f                             0x08005df9   Thumb Code     0  fflt_clz.o(x$fpl$ffltu)
    _ffltu                                   0x08005df9   Thumb Code    38  fflt_clz.o(x$fpl$ffltu)
    __aeabi_fmul                             0x08005e21   Thumb Code     0  fmul.o(x$fpl$fmul)
    _fmul                                    0x08005e21   Thumb Code   258  fmul.o(x$fpl$fmul)
    __fpl_fnaninf                            0x08005f23   Thumb Code   140  fnaninf.o(x$fpl$fnaninf)
    __fpl_fretinf                            0x08005faf   Thumb Code    10  fretinf.o(x$fpl$fretinf)
    __I$use$fp                               0x08005fb8   Number         0  usenofp.o(x$fpl$usenofp)
    Region$$Table$$Base                      0x08006088   Number         0  anon$$obj.o(Region$$Table)
    Region$$Table$$Limit                     0x080060a8   Number         0  anon$$obj.o(Region$$Table)
    i                                        0x20000000   Data           2  main.o(.data)
    DACtemp                                  0x20000002   Data           2  main.o(.data)
    receive                                  0x20000004   Data           6  main.o(.data)
    ADC                                      0x2000000c   Data           4  main.o(.data)
    vol                                      0x20000010   Data           4  main.o(.data)
    TEMP_R                                   0x20000014   Data           2  main.o(.data)
    R0                                       0x20000016   Data           2  main.o(.data)
    R                                        0x20000018   Data           2  main.o(.data)
    SystemCoreClock                          0x2000001c   Data           4  system_stm32f10x.o(.data)
    AHBPrescTable                            0x20000020   Data          16  system_stm32f10x.o(.data)
    BUF                                      0x20000030   Data           2  bh1750.o(.data)
    RS485_RX_CNT                             0x20000032   Data           1  rs485.o(.data)
    sysTick                                  0x20000034   Data           1  timer.o(.data)
    a                                        0x20000036   Data           2  timer.o(.data)
    TIM2ITflag                               0x20000038   Data           1  timer.o(.data)
    __stdout                                 0x20000040   Data           4  usart.o(.data)
    USART_RX_BUF                             0x20000044   Data           6  usart.o(.data)
    USART_RX_STA                             0x2000004a   Data           2  usart.o(.data)
    Res                                      0x2000004c   Data           1  usart.o(.data)
    ReceiveTick                              0x2000004d   Data           1  usart.o(.data)
    ReceiveCount                             0x2000004e   Data           1  usart.o(.data)
    CMDReceivedFlag                          0x2000004f   Data           1  usart.o(.data)
    ucProcessCommand485                      0x20000050   Data           6  usart.o(.data)
    sys_cmd_tab                              0x2000006c   Data          28  usmart.o(.data)
    usmart_nametab                           0x20000088   Data          32  usmart_config.o(.data)
    usmart_dev                               0x200000a8   Data         244  usmart_config.o(.data)
    RS485_RX_BUF                             0x2000019c   Data          64  rs485.o(.bss)
    __libspace_start                         0x200001dc   Data          96  libspace.o(.bss)
    __temporary_stack_top$libspace           0x2000023c   Data           0  libspace.o(.bss)



==============================================================================

Memory Map of the image

  Image Entry point : 0x08000131

  Load Region LR_IROM1 (Base: 0x08000000, Size: 0x00006244, Max: 0x00040000, ABSOLUTE, COMPRESSED[0x00006108])

    Execution Region ER_IROM1 (Exec base: 0x08000000, Load base: 0x08000000, Size: 0x000060a8, Max: 0x00040000, ABSOLUTE)

    Exec Addr    Load Addr    Size         Type   Attr      Idx    E Section Name        Object

    0x08000000   0x08000000   0x00000130   Data   RO          402    RESET               startup_stm32f10x_hd.o
    0x08000130   0x08000130   0x00000008   Code   RO          642  * !!!main             c_w.l(__main.o)
    0x08000138   0x08000138   0x00000034   Code   RO          855    !!!scatter          c_w.l(__scatter.o)
    0x0800016c   0x0800016c   0x0000005a   Code   RO          853    !!dczerorl2         c_w.l(__dczerorl2.o)
    0x080001c6   0x080001c6   0x00000002   PAD
    0x080001c8   0x080001c8   0x0000001c   Code   RO          857    !!handler_zi        c_w.l(__scatter_zi.o)
    0x080001e4   0x080001e4   0x00000000   Code   RO          639    .ARM.Collect$$_printf_percent$$00000000  c_w.l(_printf_percent.o)
    0x080001e4   0x080001e4   0x00000006   Code   RO          637    .ARM.Collect$$_printf_percent$$00000009  c_w.l(_printf_d.o)
    0x080001ea   0x080001ea   0x00000006   Code   RO          638    .ARM.Collect$$_printf_percent$$0000000A  c_w.l(_printf_u.o)
    0x080001f0   0x080001f0   0x00000006   Code   RO          636    .ARM.Collect$$_printf_percent$$0000000C  c_w.l(_printf_x.o)
    0x080001f6   0x080001f6   0x00000006   Code   RO          634    .ARM.Collect$$_printf_percent$$00000013  c_w.l(_printf_c.o)
    0x080001fc   0x080001fc   0x00000006   Code   RO          635    .ARM.Collect$$_printf_percent$$00000014  c_w.l(_printf_s.o)
    0x08000202   0x08000202   0x00000004   Code   RO          683    .ARM.Collect$$_printf_percent$$00000017  c_w.l(_printf_percent_end.o)
    0x08000206   0x08000206   0x00000002   Code   RO          725    .ARM.Collect$$libinit$$00000000  c_w.l(libinit.o)
    0x08000208   0x08000208   0x00000000   Code   RO          732    .ARM.Collect$$libinit$$00000002  c_w.l(libinit2.o)
    0x08000208   0x08000208   0x00000000   Code   RO          734    .ARM.Collect$$libinit$$00000004  c_w.l(libinit2.o)
    0x08000208   0x08000208   0x00000000   Code   RO          737    .ARM.Collect$$libinit$$0000000A  c_w.l(libinit2.o)
    0x08000208   0x08000208   0x00000000   Code   RO          739    .ARM.Collect$$libinit$$0000000C  c_w.l(libinit2.o)
    0x08000208   0x08000208   0x00000000   Code   RO          741    .ARM.Collect$$libinit$$0000000E  c_w.l(libinit2.o)
    0x08000208   0x08000208   0x00000000   Code   RO          744    .ARM.Collect$$libinit$$00000011  c_w.l(libinit2.o)
    0x08000208   0x08000208   0x00000000   Code   RO          746    .ARM.Collect$$libinit$$00000013  c_w.l(libinit2.o)
    0x08000208   0x08000208   0x00000000   Code   RO          748    .ARM.Collect$$libinit$$00000015  c_w.l(libinit2.o)
    0x08000208   0x08000208   0x00000000   Code   RO          750    .ARM.Collect$$libinit$$00000017  c_w.l(libinit2.o)
    0x08000208   0x08000208   0x00000000   Code   RO          752    .ARM.Collect$$libinit$$00000019  c_w.l(libinit2.o)
    0x08000208   0x08000208   0x00000000   Code   RO          754    .ARM.Collect$$libinit$$0000001B  c_w.l(libinit2.o)
    0x08000208   0x08000208   0x00000000   Code   RO          756    .ARM.Collect$$libinit$$0000001D  c_w.l(libinit2.o)
    0x08000208   0x08000208   0x00000000   Code   RO          758    .ARM.Collect$$libinit$$0000001F  c_w.l(libinit2.o)
    0x08000208   0x08000208   0x00000000   Code   RO          760    .ARM.Collect$$libinit$$00000021  c_w.l(libinit2.o)
    0x08000208   0x08000208   0x00000000   Code   RO          762    .ARM.Collect$$libinit$$00000023  c_w.l(libinit2.o)
    0x08000208   0x08000208   0x00000000   Code   RO          764    .ARM.Collect$$libinit$$00000025  c_w.l(libinit2.o)
    0x08000208   0x08000208   0x00000000   Code   RO          768    .ARM.Collect$$libinit$$0000002C  c_w.l(libinit2.o)
    0x08000208   0x08000208   0x00000000   Code   RO          770    .ARM.Collect$$libinit$$0000002E  c_w.l(libinit2.o)
    0x08000208   0x08000208   0x00000000   Code   RO          772    .ARM.Collect$$libinit$$00000030  c_w.l(libinit2.o)
    0x08000208   0x08000208   0x00000000   Code   RO          774    .ARM.Collect$$libinit$$00000032  c_w.l(libinit2.o)
    0x08000208   0x08000208   0x00000002   Code   RO          775    .ARM.Collect$$libinit$$00000033  c_w.l(libinit2.o)
    0x0800020a   0x0800020a   0x00000002   Code   RO          793    .ARM.Collect$$libshutdown$$00000000  c_w.l(libshutdown.o)
    0x0800020c   0x0800020c   0x00000000   Code   RO          803    .ARM.Collect$$libshutdown$$00000002  c_w.l(libshutdown2.o)
    0x0800020c   0x0800020c   0x00000000   Code   RO          805    .ARM.Collect$$libshutdown$$00000004  c_w.l(libshutdown2.o)
    0x0800020c   0x0800020c   0x00000000   Code   RO          807    .ARM.Collect$$libshutdown$$00000006  c_w.l(libshutdown2.o)
    0x0800020c   0x0800020c   0x00000000   Code   RO          810    .ARM.Collect$$libshutdown$$00000009  c_w.l(libshutdown2.o)
    0x0800020c   0x0800020c   0x00000000   Code   RO          813    .ARM.Collect$$libshutdown$$0000000C  c_w.l(libshutdown2.o)
    0x0800020c   0x0800020c   0x00000000   Code   RO          815    .ARM.Collect$$libshutdown$$0000000E  c_w.l(libshutdown2.o)
    0x0800020c   0x0800020c   0x00000000   Code   RO          818    .ARM.Collect$$libshutdown$$00000011  c_w.l(libshutdown2.o)
    0x0800020c   0x0800020c   0x00000002   Code   RO          819    .ARM.Collect$$libshutdown$$00000012  c_w.l(libshutdown2.o)
    0x0800020e   0x0800020e   0x00000000   Code   RO          676    .ARM.Collect$$rtentry$$00000000  c_w.l(__rtentry.o)
    0x0800020e   0x0800020e   0x00000000   Code   RO          694    .ARM.Collect$$rtentry$$00000002  c_w.l(__rtentry2.o)
    0x0800020e   0x0800020e   0x00000006   Code   RO          706    .ARM.Collect$$rtentry$$00000004  c_w.l(__rtentry4.o)
    0x08000214   0x08000214   0x00000000   Code   RO          696    .ARM.Collect$$rtentry$$00000009  c_w.l(__rtentry2.o)
    0x08000214   0x08000214   0x00000004   Code   RO          697    .ARM.Collect$$rtentry$$0000000A  c_w.l(__rtentry2.o)
    0x08000218   0x08000218   0x00000000   Code   RO          699    .ARM.Collect$$rtentry$$0000000C  c_w.l(__rtentry2.o)
    0x08000218   0x08000218   0x00000008   Code   RO          700    .ARM.Collect$$rtentry$$0000000D  c_w.l(__rtentry2.o)
    0x08000220   0x08000220   0x00000002   Code   RO          729    .ARM.Collect$$rtexit$$00000000  c_w.l(rtexit.o)
    0x08000222   0x08000222   0x00000000   Code   RO          777    .ARM.Collect$$rtexit$$00000002  c_w.l(rtexit2.o)
    0x08000222   0x08000222   0x00000004   Code   RO          778    .ARM.Collect$$rtexit$$00000003  c_w.l(rtexit2.o)
    0x08000226   0x08000226   0x00000006   Code   RO          779    .ARM.Collect$$rtexit$$00000004  c_w.l(rtexit2.o)
    0x0800022c   0x0800022c   0x00000b14   Code   RO            1    .text               main.o
    0x08000d40   0x08000d40   0x0000001a   Code   RO          148    .text               stm32f10x_it.o
    0x08000d5a   0x08000d5a   0x00000002   PAD
    0x08000d5c   0x08000d5c   0x000001e0   Code   RO          189    .text               system_stm32f10x.o
    0x08000f3c   0x08000f3c   0x000000d4   Code   RO          207    .text               led.o
    0x08001010   0x08001010   0x0000028c   Code   RO          219    .text               myiic.o
    0x0800129c   0x0800129c   0x000000f0   Code   RO          231    .text               bh1750.o
    0x0800138c   0x0800138c   0x0000019c   Code   RO          249    .text               rs485.o
    0x08001528   0x08001528   0x000000ec   Code   RO          268    .text               adc.o
    0x08001614   0x08001614   0x00000060   Code   RO          280    .text               ads1271.o
    0x08001674   0x08001674   0x000000bc   Code   RO          292    .text               dac.o
    0x08001730   0x08001730   0x00000120   Code   RO          304    .text               spi.o
    0x08001850   0x08001850   0x00000218   Code   RO          319    .text               timer.o
    0x08001a68   0x08001a68   0x000000d4   Code   RO          337    .text               delay.o
    0x08001b3c   0x08001b3c   0x000001b0   Code   RO          368    .text               usart.o
    0x08001cec   0x08001cec   0x00000040   Code   RO          403    .text               startup_stm32f10x_hd.o
    0x08001d2c   0x08001d2c   0x000000dc   Code   RO          407    .text               misc.o
    0x08001e08   0x08001e08   0x0000035c   Code   RO          431    .text               stm32f10x_gpio.o
    0x08002164   0x08002164   0x000003a4   Code   RO          443    .text               stm32f10x_rcc.o
    0x08002508   0x08002508   0x00000408   Code   RO          457    .text               stm32f10x_usart.o
    0x08002910   0x08002910   0x00000e1a   Code   RO          469    .text               stm32f10x_tim.o
    0x0800372a   0x0800372a   0x00000002   PAD
    0x0800372c   0x0800372c   0x0000044e   Code   RO          481    .text               stm32f10x_adc.o
    0x08003b7a   0x08003b7a   0x00000002   PAD
    0x08003b7c   0x08003b7c   0x0000030c   Code   RO          505    .text               stm32f10x_spi.o
    0x08003e88   0x08003e88   0x0000018c   Code   RO          517    .text               stm32f10x_dac.o
    0x08004014   0x08004014   0x00000c38   Code   RO          529    .text               usmart.o
    0x08004c4c   0x08004c4c   0x00000528   Code   RO          565    .text               usmart_str.o
    0x08005174   0x08005174   0x00000002   Code   RO          579    .text               c_w.l(use_no_semi_2.o)
    0x08005176   0x08005176   0x00000002   PAD
    0x08005178   0x08005178   0x00000018   Code   RO          583    .text               c_w.l(noretval__2printf.o)
    0x08005190   0x08005190   0x0000004e   Code   RO          587    .text               c_w.l(_printf_pad.o)
    0x080051de   0x080051de   0x00000052   Code   RO          589    .text               c_w.l(_printf_str.o)
    0x08005230   0x08005230   0x00000078   Code   RO          591    .text               c_w.l(_printf_dec.o)
    0x080052a8   0x080052a8   0x00000058   Code   RO          596    .text               c_w.l(_printf_hex_int.o)
    0x08005300   0x08005300   0x00000188   Code   RO          631    .text               c_w.l(__printf_flags_ss_wp.o)
    0x08005488   0x08005488   0x00000006   Code   RO          640    .text               c_w.l(heapauxi.o)
    0x0800548e   0x0800548e   0x00000002   Code   RO          674    .text               c_w.l(use_no_semi.o)
    0x08005490   0x08005490   0x000000b2   Code   RO          677    .text               c_w.l(_printf_intcommon.o)
    0x08005542   0x08005542   0x0000002c   Code   RO          679    .text               c_w.l(_printf_char.o)
    0x0800556e   0x0800556e   0x00000002   PAD
    0x08005570   0x08005570   0x00000024   Code   RO          681    .text               c_w.l(_printf_char_file.o)
    0x08005594   0x08005594   0x00000030   Code   RO          708    .text               c_w.l(_printf_char_common.o)
    0x080055c4   0x080055c4   0x00000008   Code   RO          710    .text               c_w.l(ferror.o)
    0x080055cc   0x080055cc   0x0000004a   Code   RO          714    .text               c_w.l(sys_stackheap_outer.o)
    0x08005616   0x08005616   0x00000012   Code   RO          718    .text               c_w.l(exit.o)
    0x08005628   0x08005628   0x00000008   Code   RO          726    .text               c_w.l(libspace.o)
    0x08005630   0x08005630   0x0000000e   Code   RO          624    i._is_digit         c_w.l(__printf_wp.o)
    0x0800563e   0x0800563e   0x00000002   PAD
    0x08005640   0x08005640   0x00000062   Code   RO          644    x$fpl$d2f           fz_ws.l(d2f.o)
    0x080056a2   0x080056a2   0x00000002   PAD
    0x080056a4   0x080056a4   0x000002b0   Code   RO          647    x$fpl$ddiv          fz_ws.l(ddiv.o)
    0x08005954   0x08005954   0x0000005a   Code   RO          650    x$fpl$dfixu         fz_ws.l(dfixu.o)
    0x080059ae   0x080059ae   0x00000002   PAD
    0x080059b0   0x080059b0   0x00000154   Code   RO          654    x$fpl$dmul          fz_ws.l(dmul.o)
    0x08005b04   0x08005b04   0x0000009c   Code   RO          684    x$fpl$dnaninf       fz_ws.l(dnaninf.o)
    0x08005ba0   0x08005ba0   0x0000000c   Code   RO          686    x$fpl$dretinf       fz_ws.l(dretinf.o)
    0x08005bac   0x08005bac   0x00000056   Code   RO          656    x$fpl$f2d           fz_ws.l(f2d.o)
    0x08005c02   0x08005c02   0x00000002   PAD
    0x08005c04   0x08005c04   0x00000184   Code   RO          659    x$fpl$fdiv          fz_ws.l(fdiv.o)
    0x08005d88   0x08005d88   0x0000003e   Code   RO          662    x$fpl$ffixu         fz_ws.l(ffixu.o)
    0x08005dc6   0x08005dc6   0x00000002   PAD
    0x08005dc8   0x08005dc8   0x00000030   Code   RO          667    x$fpl$fflt          fz_ws.l(fflt_clz.o)
    0x08005df8   0x08005df8   0x00000026   Code   RO          666    x$fpl$ffltu         fz_ws.l(fflt_clz.o)
    0x08005e1e   0x08005e1e   0x00000002   PAD
    0x08005e20   0x08005e20   0x00000102   Code   RO          672    x$fpl$fmul          fz_ws.l(fmul.o)
    0x08005f22   0x08005f22   0x0000008c   Code   RO          688    x$fpl$fnaninf       fz_ws.l(fnaninf.o)
    0x08005fae   0x08005fae   0x0000000a   Code   RO          690    x$fpl$fretinf       fz_ws.l(fretinf.o)
    0x08005fb8   0x08005fb8   0x00000000   Code   RO          692    x$fpl$usenofp       fz_ws.l(usenofp.o)
    0x08005fb8   0x08005fb8   0x00000028   Data   RO          597    .constdata          c_w.l(_printf_hex_int.o)
    0x08005fe0   0x08005fe0   0x00000011   Data   RO          632    .constdata          c_w.l(__printf_flags_ss_wp.o)
    0x08005ff1   0x08005ff1   0x00000003   PAD
    0x08005ff4   0x08005ff4   0x00000028   Data   RO          530    .conststring        usmart.o
    0x0800601c   0x0800601c   0x0000006b   Data   RO          552    .conststring        usmart_config.o
    0x08006087   0x08006087   0x00000001   PAD
    0x08006088   0x08006088   0x00000020   Data   RO          851    Region$$Table       anon$$obj.o


    Execution Region RW_IRAM1 (Exec base: 0x20000000, Load base: 0x080060a8, Size: 0x00000840, Max: 0x0000c000, ABSOLUTE, COMPRESSED[0x00000060])

    Exec Addr    Load Addr    Size         Type   Attr      Idx    E Section Name        Object

    0x20000000   COMPRESSED   0x0000001a   Data   RW            2    .data               main.o
    0x2000001a   COMPRESSED   0x00000002   PAD
    0x2000001c   COMPRESSED   0x00000014   Data   RW          190    .data               system_stm32f10x.o
    0x20000030   COMPRESSED   0x00000002   Data   RW          232    .data               bh1750.o
    0x20000032   COMPRESSED   0x00000001   Data   RW          251    .data               rs485.o
    0x20000033   COMPRESSED   0x00000001   PAD
    0x20000034   COMPRESSED   0x00000005   Data   RW          320    .data               timer.o
    0x20000039   COMPRESSED   0x00000001   PAD
    0x2000003a   COMPRESSED   0x00000004   Data   RW          338    .data               delay.o
    0x2000003e   COMPRESSED   0x00000002   PAD
    0x20000040   COMPRESSED   0x00000016   Data   RW          369    .data               usart.o
    0x20000056   COMPRESSED   0x00000014   Data   RW          444    .data               stm32f10x_rcc.o
    0x2000006a   COMPRESSED   0x00000002   PAD
    0x2000006c   COMPRESSED   0x0000001c   Data   RW          531    .data               usmart.o
    0x20000088   COMPRESSED   0x00000114   Data   RW          553    .data               usmart_config.o
    0x2000019c        -       0x00000040   Zero   RW          250    .bss                rs485.o
    0x200001dc        -       0x00000060   Zero   RW          727    .bss                c_w.l(libspace.o)
    0x2000023c   COMPRESSED   0x00000004   PAD
    0x20000240        -       0x00000200   Zero   RW          401    HEAP                startup_stm32f10x_hd.o
    0x20000440        -       0x00000400   Zero   RW          400    STACK               startup_stm32f10x_hd.o


==============================================================================

Image component sizes


      Code (inc. data)   RO Data    RW Data    ZI Data      Debug   Object Name

       236         10          0          0          0       1059   adc.o
        96         10          0          0          0        487   ads1271.o
       240         10          0          2          0       1596   bh1750.o
       188         14          0          0          0        733   dac.o
       212         18          0          4          0        955   delay.o
       212         18          0          0          0        523   led.o
      2836        234          0         26          0     275831   main.o
       220         22          0          0          0       1713   misc.o
       652         14          0          0          0       1816   myiic.o
       412         24          0          1         64       2070   rs485.o
       288          8          0          0          0       1093   spi.o
        64         26        304          0       1536        760   startup_stm32f10x_hd.o
      1102         26          0          0          0      10953   stm32f10x_adc.o
       396          6          0          0          0       3578   stm32f10x_dac.o
       860         38          0          0          0       5645   stm32f10x_gpio.o
        26          0          0          0          0       1138   stm32f10x_it.o
       932         36          0         20          0       8780   stm32f10x_rcc.o
       780         14          0          0          0       6526   stm32f10x_spi.o
      3610         88          0          0          0      22752   stm32f10x_tim.o
      1032         22          0          0          0       8372   stm32f10x_usart.o
         0          0          0          0          0         32   sys.o
       480         38          0         20          0       1611   system_stm32f10x.o
       536         34          0          5          0       1799   timer.o
       432         40          0         22          0       3611   usart.o
      3128       1288         40         28          0       4230   usmart.o
         0          0        107        276          0       1436   usmart_config.o
      1320         12          0          0          0       5141   usmart_str.o

    ----------------------------------------------------------------------
     20296       2050        484        412       1600     374240   Object Totals
         0          0         32          0          0          0   (incl. Generated)
         6          0          1          8          0          0   (incl. Padding)

    ----------------------------------------------------------------------

      Code (inc. data)   RO Data    RW Data    ZI Data      Debug   Library Member Name

        90          0          0          0          0          0   __dczerorl2.o
         8          0          0          0          0         68   __main.o
       392          4         17          0          0         92   __printf_flags_ss_wp.o
        14          0          0          0          0         68   __printf_wp.o
         0          0          0          0          0          0   __rtentry.o
        12          0          0          0          0          0   __rtentry2.o
         6          0          0          0          0          0   __rtentry4.o
        52          8          0          0          0          0   __scatter.o
        28          0          0          0          0          0   __scatter_zi.o
         6          0          0          0          0          0   _printf_c.o
        44          0          0          0          0        108   _printf_char.o
        48          6          0          0          0         96   _printf_char_common.o
        36          4          0          0          0         80   _printf_char_file.o
         6          0          0          0          0          0   _printf_d.o
       120         16          0          0          0         92   _printf_dec.o
        88          4         40          0          0         88   _printf_hex_int.o
       178          0          0          0          0         88   _printf_intcommon.o
        78          0          0          0          0        108   _printf_pad.o
         0          0          0          0          0          0   _printf_percent.o
         4          0          0          0          0          0   _printf_percent_end.o
         6          0          0          0          0          0   _printf_s.o
        82          0          0          0          0         80   _printf_str.o
         6          0          0          0          0          0   _printf_u.o
         6          0          0          0          0          0   _printf_x.o
        18          0          0          0          0         80   exit.o
         8          0          0          0          0         68   ferror.o
         6          0          0          0          0        152   heapauxi.o
         2          0          0          0          0          0   libinit.o
         2          0          0          0          0          0   libinit2.o
         2          0          0          0          0          0   libshutdown.o
         2          0          0          0          0          0   libshutdown2.o
         8          4          0          0         96         68   libspace.o
        24          4          0          0          0         84   noretval__2printf.o
         2          0          0          0          0          0   rtexit.o
        10          0          0          0          0          0   rtexit2.o
        74          0          0          0          0         80   sys_stackheap_outer.o
         2          0          0          0          0         68   use_no_semi.o
         2          0          0          0          0         68   use_no_semi_2.o
        98          4          0          0          0         92   d2f.o
       688        140          0          0          0        208   ddiv.o
        90          4          0          0          0         92   dfixu.o
       340         12          0          0          0        104   dmul.o
       156          4          0          0          0         92   dnaninf.o
        12          0          0          0          0         68   dretinf.o
        86          4          0          0          0         84   f2d.o
       388         76          0          0          0         96   fdiv.o
        62          4          0          0          0         84   ffixu.o
        86          0          0          0          0        136   fflt_clz.o
       258          4          0          0          0         84   fmul.o
       140          4          0          0          0         84   fnaninf.o
        10          0          0          0          0         68   fretinf.o
         0          0          0          0          0          0   usenofp.o

    ----------------------------------------------------------------------
      3904        306         60          0        100       2928   Library Totals
        18          0          3          0          4          0   (incl. Padding)

    ----------------------------------------------------------------------

      Code (inc. data)   RO Data    RW Data    ZI Data      Debug   Library Name

      1472         50         57          0         96       1636   c_w.l
      2414        256          0          0          0       1292   fz_ws.l

    ----------------------------------------------------------------------
      3904        306         60          0        100       2928   Library Totals

    ----------------------------------------------------------------------

==============================================================================


      Code (inc. data)   RO Data    RW Data    ZI Data      Debug   

     24200       2356        544        412       1700     373576   Grand Totals
     24200       2356        544         96       1700     373576   ELF Image Totals (compressed)
     24200       2356        544         96          0          0   ROM Totals

==============================================================================

    Total RO  Size (Code + RO Data)                24744 (  24.16kB)
    Total RW  Size (RW Data + ZI Data)              2112 (   2.06kB)
    Total ROM Size (Code + RO Data + RW Data)      24840 (  24.26kB)

==============================================================================

